## CPU11 LTO sweep — Coder-30B Q4_K_M tg32 (5-rep -pp 64 warmup)

### Forward order (build_libomp / +LTO / +PGO / +PGO+LTO)
=== build_libomp 5-rep tg32 Coder-30B ===
| qwen3moe 30B.A3B Q4_K - Medium |  17.28 GiB |    30.53 B | CPU        |      96 |  1 |    0 |            tg32 |         30.17 ± 7.94 |  (cold pos 1)
=== build_libomp_lto 5-rep tg32 Coder-30B ===
| qwen3moe 30B.A3B Q4_K - Medium |  17.28 GiB |    30.53 B | CPU        |      96 |  1 |    0 |            tg32 |         14.17 ± 6.60 |  (pos 2)
=== build_libomp_pgo_use 5-rep tg32 Coder-30B ===
| qwen3moe 30B.A3B Q4_K - Medium |  17.28 GiB |    30.53 B | CPU        |      96 |  1 |    0 |            tg32 |         12.85 ± 1.96 |  (pos 3)
=== build_libomp_pgo_lto 5-rep tg32 Coder-30B ===
| qwen3moe 30B.A3B Q4_K - Medium |  17.28 GiB |    30.53 B | CPU        |      96 |  1 |    0 |            tg32 |         28.18 ± 6.30 |  (pos 4)

(Forward sweep had no -pp 64 warmup; high std reflects first-touch noise.)

### Reverse order with -pp 64 warmup (PGO+LTO / PGO / PGO+LTO / PGO)
=== build_libomp_pgo_lto 5-rep tg32 ===
| qwen3moe 30B.A3B Q4_K - Medium |  17.28 GiB |    30.53 B | CPU        |      96 |  1 |    0 |            tg32 |         14.20 ± 0.79 |  (cold pos 1)
=== build_libomp_pgo_use 5-rep tg32 ===
| qwen3moe 30B.A3B Q4_K - Medium |  17.28 GiB |    30.53 B | CPU        |      96 |  1 |    0 |            tg32 |         28.38 ± 0.08 |  (warm pos 2 — PGO REFERENCE)
=== build_libomp_pgo_lto 5-rep tg32 ===
| qwen3moe 30B.A3B Q4_K - Medium |  17.28 GiB |    30.53 B | CPU        |      96 |  1 |    0 |            tg32 |         28.09 ± 0.04 |  (warm pos 3 — PGO+LTO TEST)
=== build_libomp_pgo_use 5-rep tg32 ===
| qwen3moe 30B.A3B Q4_K - Medium |  17.28 GiB |    30.53 B | CPU        |      96 |  1 |    0 |            tg32 |         26.38 ± 2.68 |  (warm pos 4 — PGO control)

VERDICT: PGO+LTO is -1.0% within ±0.04 noise (28.38 → 28.09). LTO does not compound on PGO.
