ggml_cuda_init: found 1 ROCm devices (Total VRAM: 65520 MiB):
  Device 0: AMD Instinct MI210, gfx90a:sramecc+:xnack- (0x90a), VMM: no, Wave Size: 64, VRAM: 65520 MiB
Testing 2 devices

Backend 1/2: ROCm0
  Device description: AMD Instinct MI210
  Device memory: 65520 MB (65416 MB free)

  MUL_MAT_ID(type_a=f16,type_b=f32,n_mats=16,n_used=16,b=0,m=32,n=1024,k=16): [1;32mOK[0m
  MUL_MAT_ID(type_a=f16,type_b=f32,n_mats=2,n_used=2,b=0,m=32,n=8192,k=64): [1;32mOK[0m
  MUL_MAT_ID(type_a=f16,type_b=f32,n_mats=16,n_used=16,b=0,m=50,n=200,k=64): [1;32mOK[0m
  MUL_MAT_ID(type_a=f16,type_b=f32,n_mats=16,n_used=16,b=1,m=32,n=1024,k=16): [1;32mOK[0m
  MUL_MAT_ID(type_a=f16,type_b=f32,n_mats=2,n_used=2,b=1,m=32,n=8192,k=64): [1;32mOK[0m
  MUL_MAT_ID(type_a=f16,type_b=f32,n_mats=16,n_used=16,b=1,m=50,n=200,k=64): [1;32mOK[0m
  MUL_MAT_ID(type_a=f16,type_b=f32,n_mats=1,n_used=1,b=0,m=8,n=16,k=1): [1;32mOK[0m
  MUL_MAT_ID(type_a=mxfp4,type_b=f32,n_mats=32,n_used=2,b=0,m=2880,n=32,k=2880): [1;32mOK[0m
  MUL_MAT_ID(type_a=q4_0,type_b=f32,n_mats=32,n_used=2,b=0,m=2880,n=32,k=2880): [1;32mOK[0m
  MUL_MAT_ID(type_a=f32,type_b=f32,n_mats=4,n_used=2,b=0,m=64,n=16,k=3): ggml_backend_cuda_graph_compute: CUDA graph warmup complete
[1;32mOK[0m
  MUL_MAT_ID(type_a=f16,type_b=f32,n_mats=4,n_used=2,b=0,m=64,n=16,k=3): ggml_backend_cuda_graph_compute: CUDA graph warmup complete
ggml_backend_cuda_graph_compute: CUDA graph warmup complete
ggml_backend_cuda_graph_compute: CUDA graph warmup complete
ggml_backend_cuda_graph_compute: CUDA graph warmup complete
ggml_backend_cuda_graph_compute: CUDA graph warmup complete
[1;32mOK[0m
  MUL_MAT_ID(type_a=bf16,type_b=f32,n_mats=4,n_used=2,b=0,m=64,n=16,k=3): [1;32mOK[0m
  MUL_MAT_ID(type_a=q4_0,type_b=f32,n_mats=4,n_used=2,b=0,m=64,n=16,k=96): [1;32mOK[0m
  MUL_MAT_ID(type_a=q4_1,type_b=f32,n_mats=4,n_used=2,b=0,m=64,n=16,k=96): [1;32mOK[0m
  MUL_MAT_ID(type_a=q5_0,type_b=f32,n_mats=4,n_used=2,b=0,m=64,n=16,k=96): [1;32mOK[0m
  MUL_MAT_ID(type_a=q5_1,type_b=f32,n_mats=4,n_used=2,b=0,m=64,n=16,k=96): [1;32mOK[0m
  MUL_MAT_ID(type_a=q8_0,type_b=f32,n_mats=4,n_used=2,b=0,m=64,n=16,k=96): [1;32mOK[0m
  MUL_MAT_ID(type_a=q1_0,type_b=f32,n_mats=4,n_used=2,b=0,m=64,n=16,k=384): ggml_backend_cuda_graph_compute: CUDA graph warmup complete
[1;32mOK[0m
  MUL_MAT_ID(type_a=mxfp4,type_b=f32,n_mats=4,n_used=2,b=0,m=64,n=16,k=96): [1;32mOK[0m
  MUL_MAT_ID(type_a=nvfp4,type_b=f32,n_mats=4,n_used=2,b=0,m=64,n=16,k=192): [1;32mOK[0m
  MUL_MAT_ID(type_a=q2_K,type_b=f32,n_mats=4,n_used=2,b=0,m=64,n=16,k=768): ggml_backend_cuda_graph_compute: CUDA graph warmup complete
[1;32mOK[0m
  MUL_MAT_ID(type_a=q3_K,type_b=f32,n_mats=4,n_used=2,b=0,m=64,n=16,k=768): [1;32mOK[0m
  MUL_MAT_ID(type_a=q4_K,type_b=f32,n_mats=4,n_used=2,b=0,m=64,n=16,k=768): [1;32mOK[0m
  MUL_MAT_ID(type_a=q5_K,type_b=f32,n_mats=4,n_used=2,b=0,m=64,n=16,k=768): [1;32mOK[0m
  MUL_MAT_ID(type_a=q6_K,type_b=f32,n_mats=4,n_used=2,b=0,m=64,n=16,k=768): [1;32mOK[0m
  MUL_MAT_ID(type_a=iq2_xxs,type_b=f32,n_mats=4,n_used=2,b=0,m=64,n=16,k=768): [1;32mOK[0m
  MUL_MAT_ID(type_a=iq2_xs,type_b=f32,n_mats=4,n_used=2,b=0,m=64,n=16,k=768): [1;32mOK[0m
  MUL_MAT_ID(type_a=iq2_s,type_b=f32,n_mats=4,n_used=2,b=0,m=64,n=16,k=768): [1;32mOK[0m
  MUL_MAT_ID(type_a=iq3_xxs,type_b=f32,n_mats=4,n_used=2,b=0,m=64,n=16,k=768): [1;32mOK[0m
  MUL_MAT_ID(type_a=iq1_s,type_b=f32,n_mats=4,n_used=2,b=0,m=64,n=16,k=768): [1;32mOK[0m
  MUL_MAT_ID(type_a=iq1_m,type_b=f32,n_mats=4,n_used=2,b=0,m=64,n=16,k=768): [1;32mOK[0m
  MUL_MAT_ID(type_a=iq4_nl,type_b=f32,n_mats=4,n_used=2,b=0,m=64,n=16,k=96): [1;32mOK[0m
  MUL_MAT_ID(type_a=iq3_s,type_b=f32,n_mats=4,n_used=2,b=0,m=64,n=16,k=768): ggml_backend_cuda_graph_compute: CUDA graph warmup complete
[1;32mOK[0m
  MUL_MAT_ID(type_a=iq4_xs,type_b=f32,n_mats=4,n_used=2,b=0,m=64,n=16,k=768): [1;32mOK[0m
  MUL_MAT_ID(type_a=f32,type_b=f32,n_mats=4,n_used=1,b=0,m=512,n=1,k=256): [1;32mOK[0m
  MUL_MAT_ID(type_a=f32,type_b=f32,n_mats=4,n_used=1,b=0,m=512,n=4,k=256): [1;32mOK[0m
  MUL_MAT_ID(type_a=f32,type_b=f32,n_mats=4,n_used=1,b=0,m=512,n=5,k=256): [1;32mOK[0m
  MUL_MAT_ID(type_a=f32,type_b=f32,n_mats=4,n_used=1,b=0,m=512,n=17,k=256): [1;32mOK[0m
  MUL_MAT_ID(type_a=f32,type_b=f32,n_mats=4,n_used=1,b=0,m=512,n=32,k=256): [1;32mOK[0m
  MUL_MAT_ID(type_a=f32,type_b=f32,n_mats=4,n_used=1,b=0,m=512,n=129,k=256): [1;32mOK[0m
  MUL_MAT_ID(type_a=f32,type_b=f32,n_mats=4,n_used=1,b=1,m=512,n=1,k=256): [1;32mOK[0m
  MUL_MAT_ID(type_a=f32,type_b=f32,n_mats=4,n_used=1,b=1,m=512,n=4,k=256): [1;32mOK[0m
  MUL_MAT_ID(type_a=f32,type_b=f32,n_mats=4,n_used=1,b=1,m=512,n=5,k=256): [1;32mOK[0m
  MUL_MAT_ID(type_a=f32,type_b=f32,n_mats=4,n_used=1,b=1,m=512,n=17,k=256): [1;32mOK[0m
  MUL_MAT_ID(type_a=f32,type_b=f32,n_mats=4,n_used=1,b=1,m=512,n=32,k=256): [1;32mOK[0m
  MUL_MAT_ID(type_a=f32,type_b=f32,n_mats=4,n_used=1,b=1,m=512,n=129,k=256): [1;32mOK[0m
  MUL_MAT_ID(type_a=f32,type_b=f32,n_mats=4,n_used=2,b=0,m=512,n=1,k=256): [1;32mOK[0m
  MUL_MAT_ID(type_a=f32,type_b=f32,n_mats=4,n_used=2,b=0,m=512,n=4,k=256): [1;32mOK[0m
  MUL_MAT_ID(type_a=f32,type_b=f32,n_mats=4,n_used=2,b=0,m=512,n=5,k=256): [1;32mOK[0m
  MUL_MAT_ID(type_a=f32,type_b=f32,n_mats=4,n_used=2,b=0,m=512,n=17,k=256): [1;32mOK[0m
  MUL_MAT_ID(type_a=f32,type_b=f32,n_mats=4,n_used=2,b=0,m=512,n=32,k=256): [1;32mOK[0m
  MUL_MAT_ID(type_a=f32,type_b=f32,n_mats=4,n_used=2,b=0,m=512,n=129,k=256): [1;32mOK[0m
  MUL_MAT_ID(type_a=f32,type_b=f32,n_mats=4,n_used=2,b=1,m=512,n=1,k=256): [1;32mOK[0m
  MUL_MAT_ID(type_a=f32,type_b=f32,n_mats=4,n_used=2,b=1,m=512,n=4,k=256): [1;32mOK[0m
  MUL_MAT_ID(type_a=f32,type_b=f32,n_mats=4,n_used=2,b=1,m=512,n=5,k=256): [1;32mOK[0m
  MUL_MAT_ID(type_a=f32,type_b=f32,n_mats=4,n_used=2,b=1,m=512,n=17,k=256): [1;32mOK[0m
  MUL_MAT_ID(type_a=f32,type_b=f32,n_mats=4,n_used=2,b=1,m=512,n=32,k=256): [1;32mOK[0m
  MUL_MAT_ID(type_a=f32,type_b=f32,n_mats=4,n_used=2,b=1,m=512,n=129,k=256): [1;32mOK[0m
  MUL_MAT_ID(type_a=f32,type_b=f32,n_mats=4,n_used=4,b=0,m=512,n=1,k=256): [1;32mOK[0m
  MUL_MAT_ID(type_a=f32,type_b=f32,n_mats=4,n_used=4,b=0,m=512,n=4,k=256): [1;32mOK[0m
  MUL_MAT_ID(type_a=f32,type_b=f32,n_mats=4,n_used=4,b=0,m=512,n=5,k=256): [1;32mOK[0m
  MUL_MAT_ID(type_a=f32,type_b=f32,n_mats=4,n_used=4,b=0,m=512,n=17,k=256): [1;32mOK[0m
  MUL_MAT_ID(type_a=f32,type_b=f32,n_mats=4,n_used=4,b=0,m=512,n=32,k=256): [1;32mOK[0m
  MUL_MAT_ID(type_a=f32,type_b=f32,n_mats=4,n_used=4,b=0,m=512,n=129,k=256): [1;32mOK[0m
  MUL_MAT_ID(type_a=f32,type_b=f32,n_mats=4,n_used=4,b=1,m=512,n=1,k=256): [1;32mOK[0m
  MUL_MAT_ID(type_a=f32,type_b=f32,n_mats=4,n_used=4,b=1,m=512,n=4,k=256): [1;32mOK[0m
  MUL_MAT_ID(type_a=f32,type_b=f32,n_mats=4,n_used=4,b=1,m=512,n=5,k=256): [1;32mOK[0m
  MUL_MAT_ID(type_a=f32,type_b=f32,n_mats=4,n_used=4,b=1,m=512,n=17,k=256): [1;32mOK[0m
  MUL_MAT_ID(type_a=f32,type_b=f32,n_mats=4,n_used=4,b=1,m=512,n=32,k=256): [1;32mOK[0m
  MUL_MAT_ID(type_a=f32,type_b=f32,n_mats=4,n_used=4,b=1,m=512,n=129,k=256): [1;32mOK[0m
  MUL_MAT_ID(type_a=f32,type_b=f32,n_mats=8,n_used=1,b=0,m=512,n=1,k=256): [1;32mOK[0m
  MUL_MAT_ID(type_a=f32,type_b=f32,n_mats=8,n_used=1,b=0,m=512,n=4,k=256): [1;32mOK[0m
  MUL_MAT_ID(type_a=f32,type_b=f32,n_mats=8,n_used=1,b=0,m=512,n=5,k=256): [1;32mOK[0m
  MUL_MAT_ID(type_a=f32,type_b=f32,n_mats=8,n_used=1,b=0,m=512,n=17,k=256): [1;32mOK[0m
  MUL_MAT_ID(type_a=f32,type_b=f32,n_mats=8,n_used=1,b=0,m=512,n=32,k=256): [1;32mOK[0m
  MUL_MAT_ID(type_a=f32,type_b=f32,n_mats=8,n_used=1,b=0,m=512,n=129,k=256): [1;32mOK[0m
  MUL_MAT_ID(type_a=f32,type_b=f32,n_mats=8,n_used=1,b=1,m=512,n=1,k=256): [1;32mOK[0m
  MUL_MAT_ID(type_a=f32,type_b=f32,n_mats=8,n_used=1,b=1,m=512,n=4,k=256): [1;32mOK[0m
  MUL_MAT_ID(type_a=f32,type_b=f32,n_mats=8,n_used=1,b=1,m=512,n=5,k=256): [1;32mOK[0m
  MUL_MAT_ID(type_a=f32,type_b=f32,n_mats=8,n_used=1,b=1,m=512,n=17,k=256): [1;32mOK[0m
  MUL_MAT_ID(type_a=f32,type_b=f32,n_mats=8,n_used=1,b=1,m=512,n=32,k=256): [1;32mOK[0m
  MUL_MAT_ID(type_a=f32,type_b=f32,n_mats=8,n_used=1,b=1,m=512,n=129,k=256): [1;32mOK[0m
  MUL_MAT_ID(type_a=f32,type_b=f32,n_mats=8,n_used=2,b=0,m=512,n=1,k=256): [1;32mOK[0m
  MUL_MAT_ID(type_a=f32,type_b=f32,n_mats=8,n_used=2,b=0,m=512,n=4,k=256): [1;32mOK[0m
  MUL_MAT_ID(type_a=f32,type_b=f32,n_mats=8,n_used=2,b=0,m=512,n=5,k=256): [1;32mOK[0m
  MUL_MAT_ID(type_a=f32,type_b=f32,n_mats=8,n_used=2,b=0,m=512,n=17,k=256): [1;32mOK[0m
  MUL_MAT_ID(type_a=f32,type_b=f32,n_mats=8,n_used=2,b=0,m=512,n=32,k=256): [1;32mOK[0m
  MUL_MAT_ID(type_a=f32,type_b=f32,n_mats=8,n_used=2,b=0,m=512,n=129,k=256): [1;32mOK[0m
  MUL_MAT_ID(type_a=f32,type_b=f32,n_mats=8,n_used=2,b=1,m=512,n=1,k=256): [1;32mOK[0m
  MUL_MAT_ID(type_a=f32,type_b=f32,n_mats=8,n_used=2,b=1,m=512,n=4,k=256): [1;32mOK[0m
  MUL_MAT_ID(type_a=f32,type_b=f32,n_mats=8,n_used=2,b=1,m=512,n=5,k=256): [1;32mOK[0m
  MUL_MAT_ID(type_a=f32,type_b=f32,n_mats=8,n_used=2,b=1,m=512,n=17,k=256): [1;32mOK[0m
  MUL_MAT_ID(type_a=f32,type_b=f32,n_mats=8,n_used=2,b=1,m=512,n=32,k=256): [1;32mOK[0m
  MUL_MAT_ID(type_a=f32,type_b=f32,n_mats=8,n_used=2,b=1,m=512,n=129,k=256): [1;32mOK[0m
  MUL_MAT_ID(type_a=f32,type_b=f32,n_mats=8,n_used=4,b=0,m=512,n=1,k=256): [1;32mOK[0m
  MUL_MAT_ID(type_a=f32,type_b=f32,n_mats=8,n_used=4,b=0,m=512,n=4,k=256): [1;32mOK[0m
  MUL_MAT_ID(type_a=f32,type_b=f32,n_mats=8,n_used=4,b=0,m=512,n=5,k=256): [1;32mOK[0m
  MUL_MAT_ID(type_a=f32,type_b=f32,n_mats=8,n_used=4,b=0,m=512,n=17,k=256): [1;32mOK[0m
  MUL_MAT_ID(type_a=f32,type_b=f32,n_mats=8,n_used=4,b=0,m=512,n=32,k=256): [1;32mOK[0m
  MUL_MAT_ID(type_a=f32,type_b=f32,n_mats=8,n_used=4,b=0,m=512,n=129,k=256): [1;32mOK[0m
  MUL_MAT_ID(type_a=f32,type_b=f32,n_mats=8,n_used=4,b=1,m=512,n=1,k=256): [1;32mOK[0m
  MUL_MAT_ID(type_a=f32,type_b=f32,n_mats=8,n_used=4,b=1,m=512,n=4,k=256): [1;32mOK[0m
  MUL_MAT_ID(type_a=f32,type_b=f32,n_mats=8,n_used=4,b=1,m=512,n=5,k=256): [1;32mOK[0m
  MUL_MAT_ID(type_a=f32,type_b=f32,n_mats=8,n_used=4,b=1,m=512,n=17,k=256): [1;32mOK[0m
  MUL_MAT_ID(type_a=f32,type_b=f32,n_mats=8,n_used=4,b=1,m=512,n=32,k=256): [1;32mOK[0m
  MUL_MAT_ID(type_a=f32,type_b=f32,n_mats=8,n_used=4,b=1,m=512,n=129,k=256): [1;32mOK[0m
  MUL_MAT_ID(type_a=f16,type_b=f32,n_mats=4,n_used=1,b=0,m=512,n=1,k=256): [1;32mOK[0m
  MUL_MAT_ID(type_a=f16,type_b=f32,n_mats=4,n_used=1,b=0,m=512,n=4,k=256): [1;32mOK[0m
  MUL_MAT_ID(type_a=f16,type_b=f32,n_mats=4,n_used=1,b=0,m=512,n=5,k=256): [1;32mOK[0m
  MUL_MAT_ID(type_a=f16,type_b=f32,n_mats=4,n_used=1,b=0,m=512,n=17,k=256): [1;32mOK[0m
  MUL_MAT_ID(type_a=f16,type_b=f32,n_mats=4,n_used=1,b=0,m=512,n=32,k=256): [1;32mOK[0m
  MUL_MAT_ID(type_a=f16,type_b=f32,n_mats=4,n_used=1,b=0,m=512,n=129,k=256): [1;32mOK[0m
  MUL_MAT_ID(type_a=f16,type_b=f32,n_mats=4,n_used=1,b=1,m=512,n=1,k=256): [1;32mOK[0m
  MUL_MAT_ID(type_a=f16,type_b=f32,n_mats=4,n_used=1,b=1,m=512,n=4,k=256): [1;32mOK[0m
  MUL_MAT_ID(type_a=f16,type_b=f32,n_mats=4,n_used=1,b=1,m=512,n=5,k=256): [1;32mOK[0m
  MUL_MAT_ID(type_a=f16,type_b=f32,n_mats=4,n_used=1,b=1,m=512,n=17,k=256): [1;32mOK[0m
  MUL_MAT_ID(type_a=f16,type_b=f32,n_mats=4,n_used=1,b=1,m=512,n=32,k=256): [1;32mOK[0m
  MUL_MAT_ID(type_a=f16,type_b=f32,n_mats=4,n_used=1,b=1,m=512,n=129,k=256): [1;32mOK[0m
  MUL_MAT_ID(type_a=f16,type_b=f32,n_mats=4,n_used=2,b=0,m=512,n=1,k=256): [1;32mOK[0m
  MUL_MAT_ID(type_a=f16,type_b=f32,n_mats=4,n_used=2,b=0,m=512,n=4,k=256): [1;32mOK[0m
  MUL_MAT_ID(type_a=f16,type_b=f32,n_mats=4,n_used=2,b=0,m=512,n=5,k=256): [1;32mOK[0m
  MUL_MAT_ID(type_a=f16,type_b=f32,n_mats=4,n_used=2,b=0,m=512,n=17,k=256): [1;32mOK[0m
  MUL_MAT_ID(type_a=f16,type_b=f32,n_mats=4,n_used=2,b=0,m=512,n=32,k=256): [1;32mOK[0m
  MUL_MAT_ID(type_a=f16,type_b=f32,n_mats=4,n_used=2,b=0,m=512,n=129,k=256): [1;32mOK[0m
  MUL_MAT_ID(type_a=f16,type_b=f32,n_mats=4,n_used=2,b=1,m=512,n=1,k=256): [1;32mOK[0m
  MUL_MAT_ID(type_a=f16,type_b=f32,n_mats=4,n_used=2,b=1,m=512,n=4,k=256): [1;32mOK[0m
  MUL_MAT_ID(type_a=f16,type_b=f32,n_mats=4,n_used=2,b=1,m=512,n=5,k=256): [1;32mOK[0m
  MUL_MAT_ID(type_a=f16,type_b=f32,n_mats=4,n_used=2,b=1,m=512,n=17,k=256): [1;32mOK[0m
  MUL_MAT_ID(type_a=f16,type_b=f32,n_mats=4,n_used=2,b=1,m=512,n=32,k=256): [1;32mOK[0m
  MUL_MAT_ID(type_a=f16,type_b=f32,n_mats=4,n_used=2,b=1,m=512,n=129,k=256): [1;32mOK[0m
  MUL_MAT_ID(type_a=f16,type_b=f32,n_mats=4,n_used=4,b=0,m=512,n=1,k=256): [1;32mOK[0m
  MUL_MAT_ID(type_a=f16,type_b=f32,n_mats=4,n_used=4,b=0,m=512,n=4,k=256): [1;32mOK[0m
  MUL_MAT_ID(type_a=f16,type_b=f32,n_mats=4,n_used=4,b=0,m=512,n=5,k=256): [1;32mOK[0m
  MUL_MAT_ID(type_a=f16,type_b=f32,n_mats=4,n_used=4,b=0,m=512,n=17,k=256): [1;32mOK[0m
  MUL_MAT_ID(type_a=f16,type_b=f32,n_mats=4,n_used=4,b=0,m=512,n=32,k=256): [1;32mOK[0m
  MUL_MAT_ID(type_a=f16,type_b=f32,n_mats=4,n_used=4,b=0,m=512,n=129,k=256): [1;32mOK[0m
  MUL_MAT_ID(type_a=f16,type_b=f32,n_mats=4,n_used=4,b=1,m=512,n=1,k=256): [1;32mOK[0m
  MUL_MAT_ID(type_a=f16,type_b=f32,n_mats=4,n_used=4,b=1,m=512,n=4,k=256): [1;32mOK[0m
  MUL_MAT_ID(type_a=f16,type_b=f32,n_mats=4,n_used=4,b=1,m=512,n=5,k=256): [1;32mOK[0m
  MUL_MAT_ID(type_a=f16,type_b=f32,n_mats=4,n_used=4,b=1,m=512,n=17,k=256): [1;32mOK[0m
  MUL_MAT_ID(type_a=f16,type_b=f32,n_mats=4,n_used=4,b=1,m=512,n=32,k=256): [1;32mOK[0m
  MUL_MAT_ID(type_a=f16,type_b=f32,n_mats=4,n_used=4,b=1,m=512,n=129,k=256): [1;32mOK[0m
  MUL_MAT_ID(type_a=f16,type_b=f32,n_mats=8,n_used=1,b=0,m=512,n=1,k=256): [1;32mOK[0m
  MUL_MAT_ID(type_a=f16,type_b=f32,n_mats=8,n_used=1,b=0,m=512,n=4,k=256): [1;32mOK[0m
  MUL_MAT_ID(type_a=f16,type_b=f32,n_mats=8,n_used=1,b=0,m=512,n=5,k=256): [1;32mOK[0m
  MUL_MAT_ID(type_a=f16,type_b=f32,n_mats=8,n_used=1,b=0,m=512,n=17,k=256): [1;32mOK[0m
  MUL_MAT_ID(type_a=f16,type_b=f32,n_mats=8,n_used=1,b=0,m=512,n=32,k=256): [1;32mOK[0m
  MUL_MAT_ID(type_a=f16,type_b=f32,n_mats=8,n_used=1,b=0,m=512,n=129,k=256): [1;32mOK[0m
  MUL_MAT_ID(type_a=f16,type_b=f32,n_mats=8,n_used=1,b=1,m=512,n=1,k=256): [1;32mOK[0m
  MUL_MAT_ID(type_a=f16,type_b=f32,n_mats=8,n_used=1,b=1,m=512,n=4,k=256): [1;32mOK[0m
  MUL_MAT_ID(type_a=f16,type_b=f32,n_mats=8,n_used=1,b=1,m=512,n=5,k=256): [1;32mOK[0m
  MUL_MAT_ID(type_a=f16,type_b=f32,n_mats=8,n_used=1,b=1,m=512,n=17,k=256): [1;32mOK[0m
  MUL_MAT_ID(type_a=f16,type_b=f32,n_mats=8,n_used=1,b=1,m=512,n=32,k=256): [1;32mOK[0m
  MUL_MAT_ID(type_a=f16,type_b=f32,n_mats=8,n_used=1,b=1,m=512,n=129,k=256): [1;32mOK[0m
  MUL_MAT_ID(type_a=f16,type_b=f32,n_mats=8,n_used=2,b=0,m=512,n=1,k=256): [1;32mOK[0m
  MUL_MAT_ID(type_a=f16,type_b=f32,n_mats=8,n_used=2,b=0,m=512,n=4,k=256): [1;32mOK[0m
  MUL_MAT_ID(type_a=f16,type_b=f32,n_mats=8,n_used=2,b=0,m=512,n=5,k=256): [1;32mOK[0m
  MUL_MAT_ID(type_a=f16,type_b=f32,n_mats=8,n_used=2,b=0,m=512,n=17,k=256): [1;32mOK[0m
  MUL_MAT_ID(type_a=f16,type_b=f32,n_mats=8,n_used=2,b=0,m=512,n=32,k=256): [1;32mOK[0m
  MUL_MAT_ID(type_a=f16,type_b=f32,n_mats=8,n_used=2,b=0,m=512,n=129,k=256): [1;32mOK[0m
  MUL_MAT_ID(type_a=f16,type_b=f32,n_mats=8,n_used=2,b=1,m=512,n=1,k=256): [1;32mOK[0m
  MUL_MAT_ID(type_a=f16,type_b=f32,n_mats=8,n_used=2,b=1,m=512,n=4,k=256): [1;32mOK[0m
  MUL_MAT_ID(type_a=f16,type_b=f32,n_mats=8,n_used=2,b=1,m=512,n=5,k=256): [1;32mOK[0m
  MUL_MAT_ID(type_a=f16,type_b=f32,n_mats=8,n_used=2,b=1,m=512,n=17,k=256): [1;32mOK[0m
  MUL_MAT_ID(type_a=f16,type_b=f32,n_mats=8,n_used=2,b=1,m=512,n=32,k=256): [1;32mOK[0m
  MUL_MAT_ID(type_a=f16,type_b=f32,n_mats=8,n_used=2,b=1,m=512,n=129,k=256): [1;32mOK[0m
  MUL_MAT_ID(type_a=f16,type_b=f32,n_mats=8,n_used=4,b=0,m=512,n=1,k=256): [1;32mOK[0m
  MUL_MAT_ID(type_a=f16,type_b=f32,n_mats=8,n_used=4,b=0,m=512,n=4,k=256): [1;32mOK[0m
  MUL_MAT_ID(type_a=f16,type_b=f32,n_mats=8,n_used=4,b=0,m=512,n=5,k=256): [1;32mOK[0m
  MUL_MAT_ID(type_a=f16,type_b=f32,n_mats=8,n_used=4,b=0,m=512,n=17,k=256): [1;32mOK[0m
  MUL_MAT_ID(type_a=f16,type_b=f32,n_mats=8,n_used=4,b=0,m=512,n=32,k=256): [1;32mOK[0m
  MUL_MAT_ID(type_a=f16,type_b=f32,n_mats=8,n_used=4,b=0,m=512,n=129,k=256): [1;32mOK[0m
  MUL_MAT_ID(type_a=f16,type_b=f32,n_mats=8,n_used=4,b=1,m=512,n=1,k=256): [1;32mOK[0m
  MUL_MAT_ID(type_a=f16,type_b=f32,n_mats=8,n_used=4,b=1,m=512,n=4,k=256): [1;32mOK[0m
  MUL_MAT_ID(type_a=f16,type_b=f32,n_mats=8,n_used=4,b=1,m=512,n=5,k=256): [1;32mOK[0m
  MUL_MAT_ID(type_a=f16,type_b=f32,n_mats=8,n_used=4,b=1,m=512,n=17,k=256): [1;32mOK[0m
  MUL_MAT_ID(type_a=f16,type_b=f32,n_mats=8,n_used=4,b=1,m=512,n=32,k=256): [1;32mOK[0m
  MUL_MAT_ID(type_a=f16,type_b=f32,n_mats=8,n_used=4,b=1,m=512,n=129,k=256): [1;32mOK[0m
  MUL_MAT_ID(type_a=q8_0,type_b=f32,n_mats=4,n_used=1,b=0,m=512,n=1,k=256): [1;32mOK[0m
  MUL_MAT_ID(type_a=q8_0,type_b=f32,n_mats=4,n_used=1,b=0,m=512,n=4,k=256): [1;32mOK[0m
  MUL_MAT_ID(type_a=q8_0,type_b=f32,n_mats=4,n_used=1,b=0,m=512,n=5,k=256): [1;32mOK[0m
  MUL_MAT_ID(type_a=q8_0,type_b=f32,n_mats=4,n_used=1,b=0,m=512,n=17,k=256): [1;32mOK[0m
  MUL_MAT_ID(type_a=q8_0,type_b=f32,n_mats=4,n_used=1,b=0,m=512,n=32,k=256): [1;32mOK[0m
  MUL_MAT_ID(type_a=q8_0,type_b=f32,n_mats=4,n_used=1,b=0,m=512,n=129,k=256): [1;32mOK[0m
  MUL_MAT_ID(type_a=q8_0,type_b=f32,n_mats=4,n_used=1,b=1,m=512,n=1,k=256): [1;32mOK[0m
  MUL_MAT_ID(type_a=q8_0,type_b=f32,n_mats=4,n_used=1,b=1,m=512,n=4,k=256): [1;32mOK[0m
  MUL_MAT_ID(type_a=q8_0,type_b=f32,n_mats=4,n_used=1,b=1,m=512,n=5,k=256): [1;32mOK[0m
  MUL_MAT_ID(type_a=q8_0,type_b=f32,n_mats=4,n_used=1,b=1,m=512,n=17,k=256): [1;32mOK[0m
  MUL_MAT_ID(type_a=q8_0,type_b=f32,n_mats=4,n_used=1,b=1,m=512,n=32,k=256): [1;32mOK[0m
  MUL_MAT_ID(type_a=q8_0,type_b=f32,n_mats=4,n_used=1,b=1,m=512,n=129,k=256): [1;32mOK[0m
  MUL_MAT_ID(type_a=q8_0,type_b=f32,n_mats=4,n_used=2,b=0,m=512,n=1,k=256): [1;32mOK[0m
  MUL_MAT_ID(type_a=q8_0,type_b=f32,n_mats=4,n_used=2,b=0,m=512,n=4,k=256): [1;32mOK[0m
  MUL_MAT_ID(type_a=q8_0,type_b=f32,n_mats=4,n_used=2,b=0,m=512,n=5,k=256): [1;32mOK[0m
  MUL_MAT_ID(type_a=q8_0,type_b=f32,n_mats=4,n_used=2,b=0,m=512,n=17,k=256): [1;32mOK[0m
  MUL_MAT_ID(type_a=q8_0,type_b=f32,n_mats=4,n_used=2,b=0,m=512,n=32,k=256): [1;32mOK[0m
  MUL_MAT_ID(type_a=q8_0,type_b=f32,n_mats=4,n_used=2,b=0,m=512,n=129,k=256): ggml_backend_cuda_graph_compute: CUDA graph warmup complete
ggml_backend_cuda_graph_compute: CUDA graph warmup complete
[1;32mOK[0m
  MUL_MAT_ID(type_a=q8_0,type_b=f32,n_mats=4,n_used=2,b=1,m=512,n=1,k=256): ggml_backend_cuda_graph_compute: CUDA graph warmup reset
ggml_backend_cuda_graph_compute: CUDA graph warmup reset
[1;32mOK[0m
  MUL_MAT_ID(type_a=q8_0,type_b=f32,n_mats=4,n_used=2,b=1,m=512,n=4,k=256): [1;32mOK[0m
  MUL_MAT_ID(type_a=q8_0,type_b=f32,n_mats=4,n_used=2,b=1,m=512,n=5,k=256): [1;32mOK[0m
  MUL_MAT_ID(type_a=q8_0,type_b=f32,n_mats=4,n_used=2,b=1,m=512,n=17,k=256): [1;32mOK[0m
  MUL_MAT_ID(type_a=q8_0,type_b=f32,n_mats=4,n_used=2,b=1,m=512,n=32,k=256): [1;32mOK[0m
  MUL_MAT_ID(type_a=q8_0,type_b=f32,n_mats=4,n_used=2,b=1,m=512,n=129,k=256): [1;32mOK[0m
  MUL_MAT_ID(type_a=q8_0,type_b=f32,n_mats=4,n_used=4,b=0,m=512,n=1,k=256): [1;32mOK[0m
  MUL_MAT_ID(type_a=q8_0,type_b=f32,n_mats=4,n_used=4,b=0,m=512,n=4,k=256): [1;32mOK[0m
  MUL_MAT_ID(type_a=q8_0,type_b=f32,n_mats=4,n_used=4,b=0,m=512,n=5,k=256): [1;32mOK[0m
  MUL_MAT_ID(type_a=q8_0,type_b=f32,n_mats=4,n_used=4,b=0,m=512,n=17,k=256): [1;32mOK[0m
  MUL_MAT_ID(type_a=q8_0,type_b=f32,n_mats=4,n_used=4,b=0,m=512,n=32,k=256): [1;32mOK[0m
  MUL_MAT_ID(type_a=q8_0,type_b=f32,n_mats=4,n_used=4,b=0,m=512,n=129,k=256): [1;32mOK[0m
  MUL_MAT_ID(type_a=q8_0,type_b=f32,n_mats=4,n_used=4,b=1,m=512,n=1,k=256): [1;32mOK[0m
  MUL_MAT_ID(type_a=q8_0,type_b=f32,n_mats=4,n_used=4,b=1,m=512,n=4,k=256): [1;32mOK[0m
  MUL_MAT_ID(type_a=q8_0,type_b=f32,n_mats=4,n_used=4,b=1,m=512,n=5,k=256): [1;32mOK[0m
  MUL_MAT_ID(type_a=q8_0,type_b=f32,n_mats=4,n_used=4,b=1,m=512,n=17,k=256): [1;32mOK[0m
  MUL_MAT_ID(type_a=q8_0,type_b=f32,n_mats=4,n_used=4,b=1,m=512,n=32,k=256): [1;32mOK[0m
  MUL_MAT_ID(type_a=q8_0,type_b=f32,n_mats=4,n_used=4,b=1,m=512,n=129,k=256): [1;32mOK[0m
  MUL_MAT_ID(type_a=q8_0,type_b=f32,n_mats=8,n_used=1,b=0,m=512,n=1,k=256): [1;32mOK[0m
  MUL_MAT_ID(type_a=q8_0,type_b=f32,n_mats=8,n_used=1,b=0,m=512,n=4,k=256): [1;32mOK[0m
  MUL_MAT_ID(type_a=q8_0,type_b=f32,n_mats=8,n_used=1,b=0,m=512,n=5,k=256): [1;32mOK[0m
  MUL_MAT_ID(type_a=q8_0,type_b=f32,n_mats=8,n_used=1,b=0,m=512,n=17,k=256): [1;32mOK[0m
  MUL_MAT_ID(type_a=q8_0,type_b=f32,n_mats=8,n_used=1,b=0,m=512,n=32,k=256): [1;32mOK[0m
  MUL_MAT_ID(type_a=q8_0,type_b=f32,n_mats=8,n_used=1,b=0,m=512,n=129,k=256): [1;32mOK[0m
  MUL_MAT_ID(type_a=q8_0,type_b=f32,n_mats=8,n_used=1,b=1,m=512,n=1,k=256): [1;32mOK[0m
  MUL_MAT_ID(type_a=q8_0,type_b=f32,n_mats=8,n_used=1,b=1,m=512,n=4,k=256): [1;32mOK[0m
  MUL_MAT_ID(type_a=q8_0,type_b=f32,n_mats=8,n_used=1,b=1,m=512,n=5,k=256): [1;32mOK[0m
  MUL_MAT_ID(type_a=q8_0,type_b=f32,n_mats=8,n_used=1,b=1,m=512,n=17,k=256): [1;32mOK[0m
  MUL_MAT_ID(type_a=q8_0,type_b=f32,n_mats=8,n_used=1,b=1,m=512,n=32,k=256): [1;32mOK[0m
  MUL_MAT_ID(type_a=q8_0,type_b=f32,n_mats=8,n_used=1,b=1,m=512,n=129,k=256): [1;32mOK[0m
  MUL_MAT_ID(type_a=q8_0,type_b=f32,n_mats=8,n_used=2,b=0,m=512,n=1,k=256): [1;32mOK[0m
  MUL_MAT_ID(type_a=q8_0,type_b=f32,n_mats=8,n_used=2,b=0,m=512,n=4,k=256): [1;32mOK[0m
  MUL_MAT_ID(type_a=q8_0,type_b=f32,n_mats=8,n_used=2,b=0,m=512,n=5,k=256): [1;32mOK[0m
  MUL_MAT_ID(type_a=q8_0,type_b=f32,n_mats=8,n_used=2,b=0,m=512,n=17,k=256): [1;32mOK[0m
  MUL_MAT_ID(type_a=q8_0,type_b=f32,n_mats=8,n_used=2,b=0,m=512,n=32,k=256): [1;32mOK[0m
  MUL_MAT_ID(type_a=q8_0,type_b=f32,n_mats=8,n_used=2,b=0,m=512,n=129,k=256): [1;32mOK[0m
  MUL_MAT_ID(type_a=q8_0,type_b=f32,n_mats=8,n_used=2,b=1,m=512,n=1,k=256): [1;32mOK[0m
  MUL_MAT_ID(type_a=q8_0,type_b=f32,n_mats=8,n_used=2,b=1,m=512,n=4,k=256): [1;32mOK[0m
  MUL_MAT_ID(type_a=q8_0,type_b=f32,n_mats=8,n_used=2,b=1,m=512,n=5,k=256): [1;32mOK[0m
  MUL_MAT_ID(type_a=q8_0,type_b=f32,n_mats=8,n_used=2,b=1,m=512,n=17,k=256): [1;32mOK[0m
  MUL_MAT_ID(type_a=q8_0,type_b=f32,n_mats=8,n_used=2,b=1,m=512,n=32,k=256): [1;32mOK[0m
  MUL_MAT_ID(type_a=q8_0,type_b=f32,n_mats=8,n_used=2,b=1,m=512,n=129,k=256): [1;32mOK[0m
  MUL_MAT_ID(type_a=q8_0,type_b=f32,n_mats=8,n_used=4,b=0,m=512,n=1,k=256): [1;32mOK[0m
  MUL_MAT_ID(type_a=q8_0,type_b=f32,n_mats=8,n_used=4,b=0,m=512,n=4,k=256): [1;32mOK[0m
  MUL_MAT_ID(type_a=q8_0,type_b=f32,n_mats=8,n_used=4,b=0,m=512,n=5,k=256): [1;32mOK[0m
  MUL_MAT_ID(type_a=q8_0,type_b=f32,n_mats=8,n_used=4,b=0,m=512,n=17,k=256): [1;32mOK[0m
  MUL_MAT_ID(type_a=q8_0,type_b=f32,n_mats=8,n_used=4,b=0,m=512,n=32,k=256): [1;32mOK[0m
  MUL_MAT_ID(type_a=q8_0,type_b=f32,n_mats=8,n_used=4,b=0,m=512,n=129,k=256): [1;32mOK[0m
  MUL_MAT_ID(type_a=q8_0,type_b=f32,n_mats=8,n_used=4,b=1,m=512,n=1,k=256): [1;32mOK[0m
  MUL_MAT_ID(type_a=q8_0,type_b=f32,n_mats=8,n_used=4,b=1,m=512,n=4,k=256): [1;32mOK[0m
  MUL_MAT_ID(type_a=q8_0,type_b=f32,n_mats=8,n_used=4,b=1,m=512,n=5,k=256): [1;32mOK[0m
  MUL_MAT_ID(type_a=q8_0,type_b=f32,n_mats=8,n_used=4,b=1,m=512,n=17,k=256): [1;32mOK[0m
  MUL_MAT_ID(type_a=q8_0,type_b=f32,n_mats=8,n_used=4,b=1,m=512,n=32,k=256): [1;32mOK[0m
  MUL_MAT_ID(type_a=q8_0,type_b=f32,n_mats=8,n_used=4,b=1,m=512,n=129,k=256): [1;32mOK[0m
  MUL_MAT_ID(type_a=q1_0,type_b=f32,n_mats=4,n_used=1,b=0,m=512,n=1,k=256): [1;32mOK[0m
  MUL_MAT_ID(type_a=q1_0,type_b=f32,n_mats=4,n_used=1,b=0,m=512,n=4,k=256): [1;32mOK[0m
  MUL_MAT_ID(type_a=q1_0,type_b=f32,n_mats=4,n_used=1,b=0,m=512,n=5,k=256): [1;32mOK[0m
  MUL_MAT_ID(type_a=q1_0,type_b=f32,n_mats=4,n_used=1,b=0,m=512,n=17,k=256): ggml_backend_cuda_graph_compute: CUDA graph warmup complete
ggml_backend_cuda_graph_compute: CUDA graph warmup complete
[1;32mOK[0m
  MUL_MAT_ID(type_a=q1_0,type_b=f32,n_mats=4,n_used=1,b=0,m=512,n=32,k=256): ggml_backend_cuda_graph_compute: CUDA graph warmup reset
ggml_backend_cuda_graph_compute: CUDA graph warmup reset
[1;32mOK[0m
  MUL_MAT_ID(type_a=q1_0,type_b=f32,n_mats=4,n_used=1,b=0,m=512,n=129,k=256): [1;32mOK[0m
  MUL_MAT_ID(type_a=q1_0,type_b=f32,n_mats=4,n_used=1,b=1,m=512,n=1,k=256): [1;32mOK[0m
  MUL_MAT_ID(type_a=q1_0,type_b=f32,n_mats=4,n_used=1,b=1,m=512,n=4,k=256): [1;32mOK[0m
  MUL_MAT_ID(type_a=q1_0,type_b=f32,n_mats=4,n_used=1,b=1,m=512,n=5,k=256): [1;32mOK[0m
  MUL_MAT_ID(type_a=q1_0,type_b=f32,n_mats=4,n_used=1,b=1,m=512,n=17,k=256): [1;32mOK[0m
  MUL_MAT_ID(type_a=q1_0,type_b=f32,n_mats=4,n_used=1,b=1,m=512,n=32,k=256): [1;32mOK[0m
  MUL_MAT_ID(type_a=q1_0,type_b=f32,n_mats=4,n_used=1,b=1,m=512,n=129,k=256): [1;32mOK[0m
  MUL_MAT_ID(type_a=q1_0,type_b=f32,n_mats=4,n_used=2,b=0,m=512,n=1,k=256): [1;32mOK[0m
  MUL_MAT_ID(type_a=q1_0,type_b=f32,n_mats=4,n_used=2,b=0,m=512,n=4,k=256): [1;32mOK[0m
  MUL_MAT_ID(type_a=q1_0,type_b=f32,n_mats=4,n_used=2,b=0,m=512,n=5,k=256): [1;32mOK[0m
  MUL_MAT_ID(type_a=q1_0,type_b=f32,n_mats=4,n_used=2,b=0,m=512,n=17,k=256): [1;32mOK[0m
  MUL_MAT_ID(type_a=q1_0,type_b=f32,n_mats=4,n_used=2,b=0,m=512,n=32,k=256): [1;32mOK[0m
  MUL_MAT_ID(type_a=q1_0,type_b=f32,n_mats=4,n_used=2,b=0,m=512,n=129,k=256): [1;32mOK[0m
  MUL_MAT_ID(type_a=q1_0,type_b=f32,n_mats=4,n_used=2,b=1,m=512,n=1,k=256): [1;32mOK[0m
  MUL_MAT_ID(type_a=q1_0,type_b=f32,n_mats=4,n_used=2,b=1,m=512,n=4,k=256): [1;32mOK[0m
  MUL_MAT_ID(type_a=q1_0,type_b=f32,n_mats=4,n_used=2,b=1,m=512,n=5,k=256): [1;32mOK[0m
  MUL_MAT_ID(type_a=q1_0,type_b=f32,n_mats=4,n_used=2,b=1,m=512,n=17,k=256): [1;32mOK[0m
  MUL_MAT_ID(type_a=q1_0,type_b=f32,n_mats=4,n_used=2,b=1,m=512,n=32,k=256): [1;32mOK[0m
  MUL_MAT_ID(type_a=q1_0,type_b=f32,n_mats=4,n_used=2,b=1,m=512,n=129,k=256): [1;32mOK[0m
  MUL_MAT_ID(type_a=q1_0,type_b=f32,n_mats=4,n_used=4,b=0,m=512,n=1,k=256): [1;32mOK[0m
  MUL_MAT_ID(type_a=q1_0,type_b=f32,n_mats=4,n_used=4,b=0,m=512,n=4,k=256): [1;32mOK[0m
  MUL_MAT_ID(type_a=q1_0,type_b=f32,n_mats=4,n_used=4,b=0,m=512,n=5,k=256): [1;32mOK[0m
  MUL_MAT_ID(type_a=q1_0,type_b=f32,n_mats=4,n_used=4,b=0,m=512,n=17,k=256): [1;32mOK[0m
  MUL_MAT_ID(type_a=q1_0,type_b=f32,n_mats=4,n_used=4,b=0,m=512,n=32,k=256): [1;32mOK[0m
  MUL_MAT_ID(type_a=q1_0,type_b=f32,n_mats=4,n_used=4,b=0,m=512,n=129,k=256): [1;32mOK[0m
  MUL_MAT_ID(type_a=q1_0,type_b=f32,n_mats=4,n_used=4,b=1,m=512,n=1,k=256): [1;32mOK[0m
  MUL_MAT_ID(type_a=q1_0,type_b=f32,n_mats=4,n_used=4,b=1,m=512,n=4,k=256): [1;32mOK[0m
  MUL_MAT_ID(type_a=q1_0,type_b=f32,n_mats=4,n_used=4,b=1,m=512,n=5,k=256): [1;32mOK[0m
  MUL_MAT_ID(type_a=q1_0,type_b=f32,n_mats=4,n_used=4,b=1,m=512,n=17,k=256): [1;32mOK[0m
  MUL_MAT_ID(type_a=q1_0,type_b=f32,n_mats=4,n_used=4,b=1,m=512,n=32,k=256): [1;32mOK[0m
  MUL_MAT_ID(type_a=q1_0,type_b=f32,n_mats=4,n_used=4,b=1,m=512,n=129,k=256): [1;32mOK[0m
  MUL_MAT_ID(type_a=q1_0,type_b=f32,n_mats=8,n_used=1,b=0,m=512,n=1,k=256): [1;32mOK[0m
  MUL_MAT_ID(type_a=q1_0,type_b=f32,n_mats=8,n_used=1,b=0,m=512,n=4,k=256): [1;32mOK[0m
  MUL_MAT_ID(type_a=q1_0,type_b=f32,n_mats=8,n_used=1,b=0,m=512,n=5,k=256): [1;32mOK[0m
  MUL_MAT_ID(type_a=q1_0,type_b=f32,n_mats=8,n_used=1,b=0,m=512,n=17,k=256): [1;32mOK[0m
  MUL_MAT_ID(type_a=q1_0,type_b=f32,n_mats=8,n_used=1,b=0,m=512,n=32,k=256): [1;32mOK[0m
  MUL_MAT_ID(type_a=q1_0,type_b=f32,n_mats=8,n_used=1,b=0,m=512,n=129,k=256): [1;32mOK[0m
  MUL_MAT_ID(type_a=q1_0,type_b=f32,n_mats=8,n_used=1,b=1,m=512,n=1,k=256): [1;32mOK[0m
  MUL_MAT_ID(type_a=q1_0,type_b=f32,n_mats=8,n_used=1,b=1,m=512,n=4,k=256): [1;32mOK[0m
  MUL_MAT_ID(type_a=q1_0,type_b=f32,n_mats=8,n_used=1,b=1,m=512,n=5,k=256): [1;32mOK[0m
  MUL_MAT_ID(type_a=q1_0,type_b=f32,n_mats=8,n_used=1,b=1,m=512,n=17,k=256): [1;32mOK[0m
  MUL_MAT_ID(type_a=q1_0,type_b=f32,n_mats=8,n_used=1,b=1,m=512,n=32,k=256): [1;32mOK[0m
  MUL_MAT_ID(type_a=q1_0,type_b=f32,n_mats=8,n_used=1,b=1,m=512,n=129,k=256): [1;32mOK[0m
  MUL_MAT_ID(type_a=q1_0,type_b=f32,n_mats=8,n_used=2,b=0,m=512,n=1,k=256): [1;32mOK[0m
  MUL_MAT_ID(type_a=q1_0,type_b=f32,n_mats=8,n_used=2,b=0,m=512,n=4,k=256): [1;32mOK[0m
  MUL_MAT_ID(type_a=q1_0,type_b=f32,n_mats=8,n_used=2,b=0,m=512,n=5,k=256): [1;32mOK[0m
  MUL_MAT_ID(type_a=q1_0,type_b=f32,n_mats=8,n_used=2,b=0,m=512,n=17,k=256): [1;32mOK[0m
  MUL_MAT_ID(type_a=q1_0,type_b=f32,n_mats=8,n_used=2,b=0,m=512,n=32,k=256): [1;32mOK[0m
  MUL_MAT_ID(type_a=q1_0,type_b=f32,n_mats=8,n_used=2,b=0,m=512,n=129,k=256): [1;32mOK[0m
  MUL_MAT_ID(type_a=q1_0,type_b=f32,n_mats=8,n_used=2,b=1,m=512,n=1,k=256): [1;32mOK[0m
  MUL_MAT_ID(type_a=q1_0,type_b=f32,n_mats=8,n_used=2,b=1,m=512,n=4,k=256): [1;32mOK[0m
  MUL_MAT_ID(type_a=q1_0,type_b=f32,n_mats=8,n_used=2,b=1,m=512,n=5,k=256): [1;32mOK[0m
  MUL_MAT_ID(type_a=q1_0,type_b=f32,n_mats=8,n_used=2,b=1,m=512,n=17,k=256): [1;32mOK[0m
  MUL_MAT_ID(type_a=q1_0,type_b=f32,n_mats=8,n_used=2,b=1,m=512,n=32,k=256): [1;32mOK[0m
  MUL_MAT_ID(type_a=q1_0,type_b=f32,n_mats=8,n_used=2,b=1,m=512,n=129,k=256): [1;32mOK[0m
  MUL_MAT_ID(type_a=q1_0,type_b=f32,n_mats=8,n_used=4,b=0,m=512,n=1,k=256): [1;32mOK[0m
  MUL_MAT_ID(type_a=q1_0,type_b=f32,n_mats=8,n_used=4,b=0,m=512,n=4,k=256): [1;32mOK[0m
  MUL_MAT_ID(type_a=q1_0,type_b=f32,n_mats=8,n_used=4,b=0,m=512,n=5,k=256): [1;32mOK[0m
  MUL_MAT_ID(type_a=q1_0,type_b=f32,n_mats=8,n_used=4,b=0,m=512,n=17,k=256): [1;32mOK[0m
  MUL_MAT_ID(type_a=q1_0,type_b=f32,n_mats=8,n_used=4,b=0,m=512,n=32,k=256): [1;32mOK[0m
  MUL_MAT_ID(type_a=q1_0,type_b=f32,n_mats=8,n_used=4,b=0,m=512,n=129,k=256): [1;32mOK[0m
  MUL_MAT_ID(type_a=q1_0,type_b=f32,n_mats=8,n_used=4,b=1,m=512,n=1,k=256): [1;32mOK[0m
  MUL_MAT_ID(type_a=q1_0,type_b=f32,n_mats=8,n_used=4,b=1,m=512,n=4,k=256): [1;32mOK[0m
  MUL_MAT_ID(type_a=q1_0,type_b=f32,n_mats=8,n_used=4,b=1,m=512,n=5,k=256): [1;32mOK[0m
  MUL_MAT_ID(type_a=q1_0,type_b=f32,n_mats=8,n_used=4,b=1,m=512,n=17,k=256): [1;32mOK[0m
  MUL_MAT_ID(type_a=q1_0,type_b=f32,n_mats=8,n_used=4,b=1,m=512,n=32,k=256): [1;32mOK[0m
  MUL_MAT_ID(type_a=q1_0,type_b=f32,n_mats=8,n_used=4,b=1,m=512,n=129,k=256): [1;32mOK[0m
  MUL_MAT_ID(type_a=q4_0,type_b=f32,n_mats=4,n_used=1,b=0,m=512,n=1,k=256): [1;32mOK[0m
  MUL_MAT_ID(type_a=q4_0,type_b=f32,n_mats=4,n_used=1,b=0,m=512,n=4,k=256): [1;32mOK[0m
  MUL_MAT_ID(type_a=q4_0,type_b=f32,n_mats=4,n_used=1,b=0,m=512,n=5,k=256): [1;32mOK[0m
  MUL_MAT_ID(type_a=q4_0,type_b=f32,n_mats=4,n_used=1,b=0,m=512,n=17,k=256): ggml_backend_cuda_graph_compute: CUDA graph warmup complete
ggml_backend_cuda_graph_compute: CUDA graph warmup complete
[1;32mOK[0m
  MUL_MAT_ID(type_a=q4_0,type_b=f32,n_mats=4,n_used=1,b=0,m=512,n=32,k=256): ggml_backend_cuda_graph_compute: CUDA graph warmup reset
ggml_backend_cuda_graph_compute: CUDA graph warmup reset
[1;32mOK[0m
  MUL_MAT_ID(type_a=q4_0,type_b=f32,n_mats=4,n_used=1,b=0,m=512,n=129,k=256): ggml_backend_cuda_graph_compute: CUDA graph warmup complete
ggml_backend_cuda_graph_compute: CUDA graph warmup complete
[1;32mOK[0m
  MUL_MAT_ID(type_a=q4_0,type_b=f32,n_mats=4,n_used=1,b=1,m=512,n=1,k=256): ggml_backend_cuda_graph_compute: CUDA graph warmup reset
ggml_backend_cuda_graph_compute: CUDA graph warmup reset
[1;32mOK[0m
  MUL_MAT_ID(type_a=q4_0,type_b=f32,n_mats=4,n_used=1,b=1,m=512,n=4,k=256): [1;32mOK[0m
  MUL_MAT_ID(type_a=q4_0,type_b=f32,n_mats=4,n_used=1,b=1,m=512,n=5,k=256): [1;32mOK[0m
  MUL_MAT_ID(type_a=q4_0,type_b=f32,n_mats=4,n_used=1,b=1,m=512,n=17,k=256): [1;32mOK[0m
  MUL_MAT_ID(type_a=q4_0,type_b=f32,n_mats=4,n_used=1,b=1,m=512,n=32,k=256): [1;32mOK[0m
  MUL_MAT_ID(type_a=q4_0,type_b=f32,n_mats=4,n_used=1,b=1,m=512,n=129,k=256): [1;32mOK[0m
  MUL_MAT_ID(type_a=q4_0,type_b=f32,n_mats=4,n_used=2,b=0,m=512,n=1,k=256): [1;32mOK[0m
  MUL_MAT_ID(type_a=q4_0,type_b=f32,n_mats=4,n_used=2,b=0,m=512,n=4,k=256): [1;32mOK[0m
  MUL_MAT_ID(type_a=q4_0,type_b=f32,n_mats=4,n_used=2,b=0,m=512,n=5,k=256): [1;32mOK[0m
  MUL_MAT_ID(type_a=q4_0,type_b=f32,n_mats=4,n_used=2,b=0,m=512,n=17,k=256): [1;32mOK[0m
  MUL_MAT_ID(type_a=q4_0,type_b=f32,n_mats=4,n_used=2,b=0,m=512,n=32,k=256): [1;32mOK[0m
  MUL_MAT_ID(type_a=q4_0,type_b=f32,n_mats=4,n_used=2,b=0,m=512,n=129,k=256): [1;32mOK[0m
  MUL_MAT_ID(type_a=q4_0,type_b=f32,n_mats=4,n_used=2,b=1,m=512,n=1,k=256): [1;32mOK[0m
  MUL_MAT_ID(type_a=q4_0,type_b=f32,n_mats=4,n_used=2,b=1,m=512,n=4,k=256): [1;32mOK[0m
  MUL_MAT_ID(type_a=q4_0,type_b=f32,n_mats=4,n_used=2,b=1,m=512,n=5,k=256): [1;32mOK[0m
  MUL_MAT_ID(type_a=q4_0,type_b=f32,n_mats=4,n_used=2,b=1,m=512,n=17,k=256): [1;32mOK[0m
  MUL_MAT_ID(type_a=q4_0,type_b=f32,n_mats=4,n_used=2,b=1,m=512,n=32,k=256): [1;32mOK[0m
  MUL_MAT_ID(type_a=q4_0,type_b=f32,n_mats=4,n_used=2,b=1,m=512,n=129,k=256): [1;32mOK[0m
  MUL_MAT_ID(type_a=q4_0,type_b=f32,n_mats=4,n_used=4,b=0,m=512,n=1,k=256): [1;32mOK[0m
  MUL_MAT_ID(type_a=q4_0,type_b=f32,n_mats=4,n_used=4,b=0,m=512,n=4,k=256): [1;32mOK[0m
  MUL_MAT_ID(type_a=q4_0,type_b=f32,n_mats=4,n_used=4,b=0,m=512,n=5,k=256): [1;32mOK[0m
  MUL_MAT_ID(type_a=q4_0,type_b=f32,n_mats=4,n_used=4,b=0,m=512,n=17,k=256): [1;32mOK[0m
  MUL_MAT_ID(type_a=q4_0,type_b=f32,n_mats=4,n_used=4,b=0,m=512,n=32,k=256): [1;32mOK[0m
  MUL_MAT_ID(type_a=q4_0,type_b=f32,n_mats=4,n_used=4,b=0,m=512,n=129,k=256): [1;32mOK[0m
  MUL_MAT_ID(type_a=q4_0,type_b=f32,n_mats=4,n_used=4,b=1,m=512,n=1,k=256): [1;32mOK[0m
  MUL_MAT_ID(type_a=q4_0,type_b=f32,n_mats=4,n_used=4,b=1,m=512,n=4,k=256): [1;32mOK[0m
  MUL_MAT_ID(type_a=q4_0,type_b=f32,n_mats=4,n_used=4,b=1,m=512,n=5,k=256): [1;32mOK[0m
  MUL_MAT_ID(type_a=q4_0,type_b=f32,n_mats=4,n_used=4,b=1,m=512,n=17,k=256): [1;32mOK[0m
  MUL_MAT_ID(type_a=q4_0,type_b=f32,n_mats=4,n_used=4,b=1,m=512,n=32,k=256): [1;32mOK[0m
  MUL_MAT_ID(type_a=q4_0,type_b=f32,n_mats=4,n_used=4,b=1,m=512,n=129,k=256): [1;32mOK[0m
  MUL_MAT_ID(type_a=q4_0,type_b=f32,n_mats=8,n_used=1,b=0,m=512,n=1,k=256): [1;32mOK[0m
  MUL_MAT_ID(type_a=q4_0,type_b=f32,n_mats=8,n_used=1,b=0,m=512,n=4,k=256): [1;32mOK[0m
  MUL_MAT_ID(type_a=q4_0,type_b=f32,n_mats=8,n_used=1,b=0,m=512,n=5,k=256): [1;32mOK[0m
  MUL_MAT_ID(type_a=q4_0,type_b=f32,n_mats=8,n_used=1,b=0,m=512,n=17,k=256): [1;32mOK[0m
  MUL_MAT_ID(type_a=q4_0,type_b=f32,n_mats=8,n_used=1,b=0,m=512,n=32,k=256): [1;32mOK[0m
  MUL_MAT_ID(type_a=q4_0,type_b=f32,n_mats=8,n_used=1,b=0,m=512,n=129,k=256): [1;32mOK[0m
  MUL_MAT_ID(type_a=q4_0,type_b=f32,n_mats=8,n_used=1,b=1,m=512,n=1,k=256): [1;32mOK[0m
  MUL_MAT_ID(type_a=q4_0,type_b=f32,n_mats=8,n_used=1,b=1,m=512,n=4,k=256): [1;32mOK[0m
  MUL_MAT_ID(type_a=q4_0,type_b=f32,n_mats=8,n_used=1,b=1,m=512,n=5,k=256): [1;32mOK[0m
  MUL_MAT_ID(type_a=q4_0,type_b=f32,n_mats=8,n_used=1,b=1,m=512,n=17,k=256): [1;32mOK[0m
  MUL_MAT_ID(type_a=q4_0,type_b=f32,n_mats=8,n_used=1,b=1,m=512,n=32,k=256): [1;32mOK[0m
  MUL_MAT_ID(type_a=q4_0,type_b=f32,n_mats=8,n_used=1,b=1,m=512,n=129,k=256): [1;32mOK[0m
  MUL_MAT_ID(type_a=q4_0,type_b=f32,n_mats=8,n_used=2,b=0,m=512,n=1,k=256): [1;32mOK[0m
  MUL_MAT_ID(type_a=q4_0,type_b=f32,n_mats=8,n_used=2,b=0,m=512,n=4,k=256): [1;32mOK[0m
  MUL_MAT_ID(type_a=q4_0,type_b=f32,n_mats=8,n_used=2,b=0,m=512,n=5,k=256): [1;32mOK[0m
  MUL_MAT_ID(type_a=q4_0,type_b=f32,n_mats=8,n_used=2,b=0,m=512,n=17,k=256): [1;32mOK[0m
  MUL_MAT_ID(type_a=q4_0,type_b=f32,n_mats=8,n_used=2,b=0,m=512,n=32,k=256): [1;32mOK[0m
  MUL_MAT_ID(type_a=q4_0,type_b=f32,n_mats=8,n_used=2,b=0,m=512,n=129,k=256): [1;32mOK[0m
  MUL_MAT_ID(type_a=q4_0,type_b=f32,n_mats=8,n_used=2,b=1,m=512,n=1,k=256): [1;32mOK[0m
  MUL_MAT_ID(type_a=q4_0,type_b=f32,n_mats=8,n_used=2,b=1,m=512,n=4,k=256): [1;32mOK[0m
  MUL_MAT_ID(type_a=q4_0,type_b=f32,n_mats=8,n_used=2,b=1,m=512,n=5,k=256): [1;32mOK[0m
  MUL_MAT_ID(type_a=q4_0,type_b=f32,n_mats=8,n_used=2,b=1,m=512,n=17,k=256): [1;32mOK[0m
  MUL_MAT_ID(type_a=q4_0,type_b=f32,n_mats=8,n_used=2,b=1,m=512,n=32,k=256): [1;32mOK[0m
  MUL_MAT_ID(type_a=q4_0,type_b=f32,n_mats=8,n_used=2,b=1,m=512,n=129,k=256): [1;32mOK[0m
  MUL_MAT_ID(type_a=q4_0,type_b=f32,n_mats=8,n_used=4,b=0,m=512,n=1,k=256): [1;32mOK[0m
  MUL_MAT_ID(type_a=q4_0,type_b=f32,n_mats=8,n_used=4,b=0,m=512,n=4,k=256): [1;32mOK[0m
  MUL_MAT_ID(type_a=q4_0,type_b=f32,n_mats=8,n_used=4,b=0,m=512,n=5,k=256): [1;32mOK[0m
  MUL_MAT_ID(type_a=q4_0,type_b=f32,n_mats=8,n_used=4,b=0,m=512,n=17,k=256): [1;32mOK[0m
  MUL_MAT_ID(type_a=q4_0,type_b=f32,n_mats=8,n_used=4,b=0,m=512,n=32,k=256): [1;32mOK[0m
  MUL_MAT_ID(type_a=q4_0,type_b=f32,n_mats=8,n_used=4,b=0,m=512,n=129,k=256): [1;32mOK[0m
  MUL_MAT_ID(type_a=q4_0,type_b=f32,n_mats=8,n_used=4,b=1,m=512,n=1,k=256): [1;32mOK[0m
  MUL_MAT_ID(type_a=q4_0,type_b=f32,n_mats=8,n_used=4,b=1,m=512,n=4,k=256): [1;32mOK[0m
  MUL_MAT_ID(type_a=q4_0,type_b=f32,n_mats=8,n_used=4,b=1,m=512,n=5,k=256): [1;32mOK[0m
  MUL_MAT_ID(type_a=q4_0,type_b=f32,n_mats=8,n_used=4,b=1,m=512,n=17,k=256): [1;32mOK[0m
  MUL_MAT_ID(type_a=q4_0,type_b=f32,n_mats=8,n_used=4,b=1,m=512,n=32,k=256): [1;32mOK[0m
  MUL_MAT_ID(type_a=q4_0,type_b=f32,n_mats=8,n_used=4,b=1,m=512,n=129,k=256): [1;32mOK[0m
  MUL_MAT_ID(type_a=q4_1,type_b=f32,n_mats=4,n_used=1,b=0,m=512,n=1,k=256): [1;32mOK[0m
  MUL_MAT_ID(type_a=q4_1,type_b=f32,n_mats=4,n_used=1,b=0,m=512,n=4,k=256): [1;32mOK[0m
  MUL_MAT_ID(type_a=q4_1,type_b=f32,n_mats=4,n_used=1,b=0,m=512,n=5,k=256): [1;32mOK[0m
  MUL_MAT_ID(type_a=q4_1,type_b=f32,n_mats=4,n_used=1,b=0,m=512,n=17,k=256): ggml_backend_cuda_graph_compute: CUDA graph warmup complete
ggml_backend_cuda_graph_compute: CUDA graph warmup complete
[1;32mOK[0m
  MUL_MAT_ID(type_a=q4_1,type_b=f32,n_mats=4,n_used=1,b=0,m=512,n=32,k=256): ggml_backend_cuda_graph_compute: CUDA graph warmup reset
ggml_backend_cuda_graph_compute: CUDA graph warmup reset
[1;32mOK[0m
  MUL_MAT_ID(type_a=q4_1,type_b=f32,n_mats=4,n_used=1,b=0,m=512,n=129,k=256): ggml_backend_cuda_graph_compute: CUDA graph warmup complete
ggml_backend_cuda_graph_compute: CUDA graph warmup complete
[1;32mOK[0m
  MUL_MAT_ID(type_a=q4_1,type_b=f32,n_mats=4,n_used=1,b=1,m=512,n=1,k=256): ggml_backend_cuda_graph_compute: CUDA graph warmup reset
ggml_backend_cuda_graph_compute: CUDA graph warmup reset
[1;32mOK[0m
  MUL_MAT_ID(type_a=q4_1,type_b=f32,n_mats=4,n_used=1,b=1,m=512,n=4,k=256): [1;32mOK[0m
  MUL_MAT_ID(type_a=q4_1,type_b=f32,n_mats=4,n_used=1,b=1,m=512,n=5,k=256): [1;32mOK[0m
  MUL_MAT_ID(type_a=q4_1,type_b=f32,n_mats=4,n_used=1,b=1,m=512,n=17,k=256): [1;32mOK[0m
  MUL_MAT_ID(type_a=q4_1,type_b=f32,n_mats=4,n_used=1,b=1,m=512,n=32,k=256): [1;32mOK[0m
  MUL_MAT_ID(type_a=q4_1,type_b=f32,n_mats=4,n_used=1,b=1,m=512,n=129,k=256): [1;32mOK[0m
  MUL_MAT_ID(type_a=q4_1,type_b=f32,n_mats=4,n_used=2,b=0,m=512,n=1,k=256): [1;32mOK[0m
  MUL_MAT_ID(type_a=q4_1,type_b=f32,n_mats=4,n_used=2,b=0,m=512,n=4,k=256): [1;32mOK[0m
  MUL_MAT_ID(type_a=q4_1,type_b=f32,n_mats=4,n_used=2,b=0,m=512,n=5,k=256): [1;32mOK[0m
  MUL_MAT_ID(type_a=q4_1,type_b=f32,n_mats=4,n_used=2,b=0,m=512,n=17,k=256): [1;32mOK[0m
  MUL_MAT_ID(type_a=q4_1,type_b=f32,n_mats=4,n_used=2,b=0,m=512,n=32,k=256): [1;32mOK[0m
  MUL_MAT_ID(type_a=q4_1,type_b=f32,n_mats=4,n_used=2,b=0,m=512,n=129,k=256): [1;32mOK[0m
  MUL_MAT_ID(type_a=q4_1,type_b=f32,n_mats=4,n_used=2,b=1,m=512,n=1,k=256): [1;32mOK[0m
  MUL_MAT_ID(type_a=q4_1,type_b=f32,n_mats=4,n_used=2,b=1,m=512,n=4,k=256): [1;32mOK[0m
  MUL_MAT_ID(type_a=q4_1,type_b=f32,n_mats=4,n_used=2,b=1,m=512,n=5,k=256): [1;32mOK[0m
  MUL_MAT_ID(type_a=q4_1,type_b=f32,n_mats=4,n_used=2,b=1,m=512,n=17,k=256): [1;32mOK[0m
  MUL_MAT_ID(type_a=q4_1,type_b=f32,n_mats=4,n_used=2,b=1,m=512,n=32,k=256): [1;32mOK[0m
  MUL_MAT_ID(type_a=q4_1,type_b=f32,n_mats=4,n_used=2,b=1,m=512,n=129,k=256): [1;32mOK[0m
  MUL_MAT_ID(type_a=q4_1,type_b=f32,n_mats=4,n_used=4,b=0,m=512,n=1,k=256): [1;32mOK[0m
  MUL_MAT_ID(type_a=q4_1,type_b=f32,n_mats=4,n_used=4,b=0,m=512,n=4,k=256): [1;32mOK[0m
  MUL_MAT_ID(type_a=q4_1,type_b=f32,n_mats=4,n_used=4,b=0,m=512,n=5,k=256): [1;32mOK[0m
  MUL_MAT_ID(type_a=q4_1,type_b=f32,n_mats=4,n_used=4,b=0,m=512,n=17,k=256): [1;32mOK[0m
  MUL_MAT_ID(type_a=q4_1,type_b=f32,n_mats=4,n_used=4,b=0,m=512,n=32,k=256): [1;32mOK[0m
  MUL_MAT_ID(type_a=q4_1,type_b=f32,n_mats=4,n_used=4,b=0,m=512,n=129,k=256): [1;32mOK[0m
  MUL_MAT_ID(type_a=q4_1,type_b=f32,n_mats=4,n_used=4,b=1,m=512,n=1,k=256): [1;32mOK[0m
  MUL_MAT_ID(type_a=q4_1,type_b=f32,n_mats=4,n_used=4,b=1,m=512,n=4,k=256): [1;32mOK[0m
  MUL_MAT_ID(type_a=q4_1,type_b=f32,n_mats=4,n_used=4,b=1,m=512,n=5,k=256): [1;32mOK[0m
  MUL_MAT_ID(type_a=q4_1,type_b=f32,n_mats=4,n_used=4,b=1,m=512,n=17,k=256): [1;32mOK[0m
  MUL_MAT_ID(type_a=q4_1,type_b=f32,n_mats=4,n_used=4,b=1,m=512,n=32,k=256): [1;32mOK[0m
  MUL_MAT_ID(type_a=q4_1,type_b=f32,n_mats=4,n_used=4,b=1,m=512,n=129,k=256): [1;32mOK[0m
  MUL_MAT_ID(type_a=q4_1,type_b=f32,n_mats=8,n_used=1,b=0,m=512,n=1,k=256): [1;32mOK[0m
  MUL_MAT_ID(type_a=q4_1,type_b=f32,n_mats=8,n_used=1,b=0,m=512,n=4,k=256): [1;32mOK[0m
  MUL_MAT_ID(type_a=q4_1,type_b=f32,n_mats=8,n_used=1,b=0,m=512,n=5,k=256): [1;32mOK[0m
  MUL_MAT_ID(type_a=q4_1,type_b=f32,n_mats=8,n_used=1,b=0,m=512,n=17,k=256): [1;32mOK[0m
  MUL_MAT_ID(type_a=q4_1,type_b=f32,n_mats=8,n_used=1,b=0,m=512,n=32,k=256): [1;32mOK[0m
  MUL_MAT_ID(type_a=q4_1,type_b=f32,n_mats=8,n_used=1,b=0,m=512,n=129,k=256): [1;32mOK[0m
  MUL_MAT_ID(type_a=q4_1,type_b=f32,n_mats=8,n_used=1,b=1,m=512,n=1,k=256): [1;32mOK[0m
  MUL_MAT_ID(type_a=q4_1,type_b=f32,n_mats=8,n_used=1,b=1,m=512,n=4,k=256): [1;32mOK[0m
  MUL_MAT_ID(type_a=q4_1,type_b=f32,n_mats=8,n_used=1,b=1,m=512,n=5,k=256): [1;32mOK[0m
  MUL_MAT_ID(type_a=q4_1,type_b=f32,n_mats=8,n_used=1,b=1,m=512,n=17,k=256): [1;32mOK[0m
  MUL_MAT_ID(type_a=q4_1,type_b=f32,n_mats=8,n_used=1,b=1,m=512,n=32,k=256): [1;32mOK[0m
  MUL_MAT_ID(type_a=q4_1,type_b=f32,n_mats=8,n_used=1,b=1,m=512,n=129,k=256): [1;32mOK[0m
  MUL_MAT_ID(type_a=q4_1,type_b=f32,n_mats=8,n_used=2,b=0,m=512,n=1,k=256): [1;32mOK[0m
  MUL_MAT_ID(type_a=q4_1,type_b=f32,n_mats=8,n_used=2,b=0,m=512,n=4,k=256): [1;32mOK[0m
  MUL_MAT_ID(type_a=q4_1,type_b=f32,n_mats=8,n_used=2,b=0,m=512,n=5,k=256): [1;32mOK[0m
  MUL_MAT_ID(type_a=q4_1,type_b=f32,n_mats=8,n_used=2,b=0,m=512,n=17,k=256): [1;32mOK[0m
  MUL_MAT_ID(type_a=q4_1,type_b=f32,n_mats=8,n_used=2,b=0,m=512,n=32,k=256): [1;32mOK[0m
  MUL_MAT_ID(type_a=q4_1,type_b=f32,n_mats=8,n_used=2,b=0,m=512,n=129,k=256): [1;32mOK[0m
  MUL_MAT_ID(type_a=q4_1,type_b=f32,n_mats=8,n_used=2,b=1,m=512,n=1,k=256): [1;32mOK[0m
  MUL_MAT_ID(type_a=q4_1,type_b=f32,n_mats=8,n_used=2,b=1,m=512,n=4,k=256): [1;32mOK[0m
  MUL_MAT_ID(type_a=q4_1,type_b=f32,n_mats=8,n_used=2,b=1,m=512,n=5,k=256): [1;32mOK[0m
  MUL_MAT_ID(type_a=q4_1,type_b=f32,n_mats=8,n_used=2,b=1,m=512,n=17,k=256): [1;32mOK[0m
  MUL_MAT_ID(type_a=q4_1,type_b=f32,n_mats=8,n_used=2,b=1,m=512,n=32,k=256): [1;32mOK[0m
  MUL_MAT_ID(type_a=q4_1,type_b=f32,n_mats=8,n_used=2,b=1,m=512,n=129,k=256): [1;32mOK[0m
  MUL_MAT_ID(type_a=q4_1,type_b=f32,n_mats=8,n_used=4,b=0,m=512,n=1,k=256): [1;32mOK[0m
  MUL_MAT_ID(type_a=q4_1,type_b=f32,n_mats=8,n_used=4,b=0,m=512,n=4,k=256): [1;32mOK[0m
  MUL_MAT_ID(type_a=q4_1,type_b=f32,n_mats=8,n_used=4,b=0,m=512,n=5,k=256): [1;32mOK[0m
  MUL_MAT_ID(type_a=q4_1,type_b=f32,n_mats=8,n_used=4,b=0,m=512,n=17,k=256): [1;32mOK[0m
  MUL_MAT_ID(type_a=q4_1,type_b=f32,n_mats=8,n_used=4,b=0,m=512,n=32,k=256): [1;32mOK[0m
  MUL_MAT_ID(type_a=q4_1,type_b=f32,n_mats=8,n_used=4,b=0,m=512,n=129,k=256): [1;32mOK[0m
  MUL_MAT_ID(type_a=q4_1,type_b=f32,n_mats=8,n_used=4,b=1,m=512,n=1,k=256): [1;32mOK[0m
  MUL_MAT_ID(type_a=q4_1,type_b=f32,n_mats=8,n_used=4,b=1,m=512,n=4,k=256): [1;32mOK[0m
  MUL_MAT_ID(type_a=q4_1,type_b=f32,n_mats=8,n_used=4,b=1,m=512,n=5,k=256): [1;32mOK[0m
  MUL_MAT_ID(type_a=q4_1,type_b=f32,n_mats=8,n_used=4,b=1,m=512,n=17,k=256): [1;32mOK[0m
  MUL_MAT_ID(type_a=q4_1,type_b=f32,n_mats=8,n_used=4,b=1,m=512,n=32,k=256): [1;32mOK[0m
  MUL_MAT_ID(type_a=q4_1,type_b=f32,n_mats=8,n_used=4,b=1,m=512,n=129,k=256): [1;32mOK[0m
  MUL_MAT_ID(type_a=q4_K,type_b=f32,n_mats=4,n_used=1,b=0,m=512,n=1,k=256): [1;32mOK[0m
  MUL_MAT_ID(type_a=q4_K,type_b=f32,n_mats=4,n_used=1,b=0,m=512,n=4,k=256): [1;32mOK[0m
  MUL_MAT_ID(type_a=q4_K,type_b=f32,n_mats=4,n_used=1,b=0,m=512,n=5,k=256): [1;32mOK[0m
  MUL_MAT_ID(type_a=q4_K,type_b=f32,n_mats=4,n_used=1,b=0,m=512,n=17,k=256): ggml_backend_cuda_graph_compute: CUDA graph warmup complete
ggml_backend_cuda_graph_compute: CUDA graph warmup complete
[1;32mOK[0m
  MUL_MAT_ID(type_a=q4_K,type_b=f32,n_mats=4,n_used=1,b=0,m=512,n=32,k=256): ggml_backend_cuda_graph_compute: CUDA graph warmup reset
ggml_backend_cuda_graph_compute: CUDA graph warmup reset
[1;32mOK[0m
  MUL_MAT_ID(type_a=q4_K,type_b=f32,n_mats=4,n_used=1,b=0,m=512,n=129,k=256): ggml_backend_cuda_graph_compute: CUDA graph warmup complete
ggml_backend_cuda_graph_compute: CUDA graph warmup complete
[1;32mOK[0m
  MUL_MAT_ID(type_a=q4_K,type_b=f32,n_mats=4,n_used=1,b=1,m=512,n=1,k=256): ggml_backend_cuda_graph_compute: CUDA graph warmup reset
ggml_backend_cuda_graph_compute: CUDA graph warmup reset
[1;32mOK[0m
  MUL_MAT_ID(type_a=q4_K,type_b=f32,n_mats=4,n_used=1,b=1,m=512,n=4,k=256): [1;32mOK[0m
  MUL_MAT_ID(type_a=q4_K,type_b=f32,n_mats=4,n_used=1,b=1,m=512,n=5,k=256): [1;32mOK[0m
  MUL_MAT_ID(type_a=q4_K,type_b=f32,n_mats=4,n_used=1,b=1,m=512,n=17,k=256): [1;32mOK[0m
  MUL_MAT_ID(type_a=q4_K,type_b=f32,n_mats=4,n_used=1,b=1,m=512,n=32,k=256): [1;32mOK[0m
  MUL_MAT_ID(type_a=q4_K,type_b=f32,n_mats=4,n_used=1,b=1,m=512,n=129,k=256): [1;32mOK[0m
  MUL_MAT_ID(type_a=q4_K,type_b=f32,n_mats=4,n_used=2,b=0,m=512,n=1,k=256): [1;32mOK[0m
  MUL_MAT_ID(type_a=q4_K,type_b=f32,n_mats=4,n_used=2,b=0,m=512,n=4,k=256): [1;32mOK[0m
  MUL_MAT_ID(type_a=q4_K,type_b=f32,n_mats=4,n_used=2,b=0,m=512,n=5,k=256): [1;32mOK[0m
  MUL_MAT_ID(type_a=q4_K,type_b=f32,n_mats=4,n_used=2,b=0,m=512,n=17,k=256): [1;32mOK[0m
  MUL_MAT_ID(type_a=q4_K,type_b=f32,n_mats=4,n_used=2,b=0,m=512,n=32,k=256): [1;32mOK[0m
  MUL_MAT_ID(type_a=q4_K,type_b=f32,n_mats=4,n_used=2,b=0,m=512,n=129,k=256): [1;32mOK[0m
  MUL_MAT_ID(type_a=q4_K,type_b=f32,n_mats=4,n_used=2,b=1,m=512,n=1,k=256): [1;32mOK[0m
  MUL_MAT_ID(type_a=q4_K,type_b=f32,n_mats=4,n_used=2,b=1,m=512,n=4,k=256): [1;32mOK[0m
  MUL_MAT_ID(type_a=q4_K,type_b=f32,n_mats=4,n_used=2,b=1,m=512,n=5,k=256): [1;32mOK[0m
  MUL_MAT_ID(type_a=q4_K,type_b=f32,n_mats=4,n_used=2,b=1,m=512,n=17,k=256): [1;32mOK[0m
  MUL_MAT_ID(type_a=q4_K,type_b=f32,n_mats=4,n_used=2,b=1,m=512,n=32,k=256): [1;32mOK[0m
  MUL_MAT_ID(type_a=q4_K,type_b=f32,n_mats=4,n_used=2,b=1,m=512,n=129,k=256): [1;32mOK[0m
  MUL_MAT_ID(type_a=q4_K,type_b=f32,n_mats=4,n_used=4,b=0,m=512,n=1,k=256): [1;32mOK[0m
  MUL_MAT_ID(type_a=q4_K,type_b=f32,n_mats=4,n_used=4,b=0,m=512,n=4,k=256): [1;32mOK[0m
  MUL_MAT_ID(type_a=q4_K,type_b=f32,n_mats=4,n_used=4,b=0,m=512,n=5,k=256): [1;32mOK[0m
  MUL_MAT_ID(type_a=q4_K,type_b=f32,n_mats=4,n_used=4,b=0,m=512,n=17,k=256): [1;32mOK[0m
  MUL_MAT_ID(type_a=q4_K,type_b=f32,n_mats=4,n_used=4,b=0,m=512,n=32,k=256): [1;32mOK[0m
  MUL_MAT_ID(type_a=q4_K,type_b=f32,n_mats=4,n_used=4,b=0,m=512,n=129,k=256): [1;32mOK[0m
  MUL_MAT_ID(type_a=q4_K,type_b=f32,n_mats=4,n_used=4,b=1,m=512,n=1,k=256): [1;32mOK[0m
  MUL_MAT_ID(type_a=q4_K,type_b=f32,n_mats=4,n_used=4,b=1,m=512,n=4,k=256): [1;32mOK[0m
  MUL_MAT_ID(type_a=q4_K,type_b=f32,n_mats=4,n_used=4,b=1,m=512,n=5,k=256): [1;32mOK[0m
  MUL_MAT_ID(type_a=q4_K,type_b=f32,n_mats=4,n_used=4,b=1,m=512,n=17,k=256): [1;32mOK[0m
  MUL_MAT_ID(type_a=q4_K,type_b=f32,n_mats=4,n_used=4,b=1,m=512,n=32,k=256): [1;32mOK[0m
  MUL_MAT_ID(type_a=q4_K,type_b=f32,n_mats=4,n_used=4,b=1,m=512,n=129,k=256): [1;32mOK[0m
  MUL_MAT_ID(type_a=q4_K,type_b=f32,n_mats=8,n_used=1,b=0,m=512,n=1,k=256): [1;32mOK[0m
  MUL_MAT_ID(type_a=q4_K,type_b=f32,n_mats=8,n_used=1,b=0,m=512,n=4,k=256): [1;32mOK[0m
  MUL_MAT_ID(type_a=q4_K,type_b=f32,n_mats=8,n_used=1,b=0,m=512,n=5,k=256): [1;32mOK[0m
  MUL_MAT_ID(type_a=q4_K,type_b=f32,n_mats=8,n_used=1,b=0,m=512,n=17,k=256): [1;32mOK[0m
  MUL_MAT_ID(type_a=q4_K,type_b=f32,n_mats=8,n_used=1,b=0,m=512,n=32,k=256): [1;32mOK[0m
  MUL_MAT_ID(type_a=q4_K,type_b=f32,n_mats=8,n_used=1,b=0,m=512,n=129,k=256): [1;32mOK[0m
  MUL_MAT_ID(type_a=q4_K,type_b=f32,n_mats=8,n_used=1,b=1,m=512,n=1,k=256): [1;32mOK[0m
  MUL_MAT_ID(type_a=q4_K,type_b=f32,n_mats=8,n_used=1,b=1,m=512,n=4,k=256): [1;32mOK[0m
  MUL_MAT_ID(type_a=q4_K,type_b=f32,n_mats=8,n_used=1,b=1,m=512,n=5,k=256): [1;32mOK[0m
  MUL_MAT_ID(type_a=q4_K,type_b=f32,n_mats=8,n_used=1,b=1,m=512,n=17,k=256): [1;32mOK[0m
  MUL_MAT_ID(type_a=q4_K,type_b=f32,n_mats=8,n_used=1,b=1,m=512,n=32,k=256): [1;32mOK[0m
  MUL_MAT_ID(type_a=q4_K,type_b=f32,n_mats=8,n_used=1,b=1,m=512,n=129,k=256): [1;32mOK[0m
  MUL_MAT_ID(type_a=q4_K,type_b=f32,n_mats=8,n_used=2,b=0,m=512,n=1,k=256): [1;32mOK[0m
  MUL_MAT_ID(type_a=q4_K,type_b=f32,n_mats=8,n_used=2,b=0,m=512,n=4,k=256): [1;32mOK[0m
  MUL_MAT_ID(type_a=q4_K,type_b=f32,n_mats=8,n_used=2,b=0,m=512,n=5,k=256): [1;32mOK[0m
  MUL_MAT_ID(type_a=q4_K,type_b=f32,n_mats=8,n_used=2,b=0,m=512,n=17,k=256): [1;32mOK[0m
  MUL_MAT_ID(type_a=q4_K,type_b=f32,n_mats=8,n_used=2,b=0,m=512,n=32,k=256): [1;32mOK[0m
  MUL_MAT_ID(type_a=q4_K,type_b=f32,n_mats=8,n_used=2,b=0,m=512,n=129,k=256): [1;32mOK[0m
  MUL_MAT_ID(type_a=q4_K,type_b=f32,n_mats=8,n_used=2,b=1,m=512,n=1,k=256): [1;32mOK[0m
  MUL_MAT_ID(type_a=q4_K,type_b=f32,n_mats=8,n_used=2,b=1,m=512,n=4,k=256): [1;32mOK[0m
  MUL_MAT_ID(type_a=q4_K,type_b=f32,n_mats=8,n_used=2,b=1,m=512,n=5,k=256): [1;32mOK[0m
  MUL_MAT_ID(type_a=q4_K,type_b=f32,n_mats=8,n_used=2,b=1,m=512,n=17,k=256): [1;32mOK[0m
  MUL_MAT_ID(type_a=q4_K,type_b=f32,n_mats=8,n_used=2,b=1,m=512,n=32,k=256): [1;32mOK[0m
  MUL_MAT_ID(type_a=q4_K,type_b=f32,n_mats=8,n_used=2,b=1,m=512,n=129,k=256): [1;32mOK[0m
  MUL_MAT_ID(type_a=q4_K,type_b=f32,n_mats=8,n_used=4,b=0,m=512,n=1,k=256): [1;32mOK[0m
  MUL_MAT_ID(type_a=q4_K,type_b=f32,n_mats=8,n_used=4,b=0,m=512,n=4,k=256): [1;32mOK[0m
  MUL_MAT_ID(type_a=q4_K,type_b=f32,n_mats=8,n_used=4,b=0,m=512,n=5,k=256): [1;32mOK[0m
  MUL_MAT_ID(type_a=q4_K,type_b=f32,n_mats=8,n_used=4,b=0,m=512,n=17,k=256): [1;32mOK[0m
  MUL_MAT_ID(type_a=q4_K,type_b=f32,n_mats=8,n_used=4,b=0,m=512,n=32,k=256): [1;32mOK[0m
  MUL_MAT_ID(type_a=q4_K,type_b=f32,n_mats=8,n_used=4,b=0,m=512,n=129,k=256): [1;32mOK[0m
  MUL_MAT_ID(type_a=q4_K,type_b=f32,n_mats=8,n_used=4,b=1,m=512,n=1,k=256): [1;32mOK[0m
  MUL_MAT_ID(type_a=q4_K,type_b=f32,n_mats=8,n_used=4,b=1,m=512,n=4,k=256): [1;32mOK[0m
  MUL_MAT_ID(type_a=q4_K,type_b=f32,n_mats=8,n_used=4,b=1,m=512,n=5,k=256): [1;32mOK[0m
  MUL_MAT_ID(type_a=q4_K,type_b=f32,n_mats=8,n_used=4,b=1,m=512,n=17,k=256): [1;32mOK[0m
  MUL_MAT_ID(type_a=q4_K,type_b=f32,n_mats=8,n_used=4,b=1,m=512,n=32,k=256): [1;32mOK[0m
  MUL_MAT_ID(type_a=q4_K,type_b=f32,n_mats=8,n_used=4,b=1,m=512,n=129,k=256): [1;32mOK[0m
  MUL_MAT_ID(type_a=mxfp4,type_b=f32,n_mats=4,n_used=1,b=0,m=512,n=1,k=256): [1;32mOK[0m
  MUL_MAT_ID(type_a=mxfp4,type_b=f32,n_mats=4,n_used=1,b=0,m=512,n=4,k=256): [1;32mOK[0m
  MUL_MAT_ID(type_a=mxfp4,type_b=f32,n_mats=4,n_used=1,b=0,m=512,n=5,k=256): [1;32mOK[0m
  MUL_MAT_ID(type_a=mxfp4,type_b=f32,n_mats=4,n_used=1,b=0,m=512,n=17,k=256): ggml_backend_cuda_graph_compute: CUDA graph warmup complete
ggml_backend_cuda_graph_compute: CUDA graph warmup complete
[1;32mOK[0m
  MUL_MAT_ID(type_a=mxfp4,type_b=f32,n_mats=4,n_used=1,b=0,m=512,n=32,k=256): ggml_backend_cuda_graph_compute: CUDA graph warmup reset
ggml_backend_cuda_graph_compute: CUDA graph warmup reset
[1;32mOK[0m
  MUL_MAT_ID(type_a=mxfp4,type_b=f32,n_mats=4,n_used=1,b=0,m=512,n=129,k=256): [1;32mOK[0m
  MUL_MAT_ID(type_a=mxfp4,type_b=f32,n_mats=4,n_used=1,b=1,m=512,n=1,k=256): [1;32mOK[0m
  MUL_MAT_ID(type_a=mxfp4,type_b=f32,n_mats=4,n_used=1,b=1,m=512,n=4,k=256): [1;32mOK[0m
  MUL_MAT_ID(type_a=mxfp4,type_b=f32,n_mats=4,n_used=1,b=1,m=512,n=5,k=256): [1;32mOK[0m
  MUL_MAT_ID(type_a=mxfp4,type_b=f32,n_mats=4,n_used=1,b=1,m=512,n=17,k=256): [1;32mOK[0m
  MUL_MAT_ID(type_a=mxfp4,type_b=f32,n_mats=4,n_used=1,b=1,m=512,n=32,k=256): [1;32mOK[0m
  MUL_MAT_ID(type_a=mxfp4,type_b=f32,n_mats=4,n_used=1,b=1,m=512,n=129,k=256): [1;32mOK[0m
  MUL_MAT_ID(type_a=mxfp4,type_b=f32,n_mats=4,n_used=2,b=0,m=512,n=1,k=256): [1;32mOK[0m
  MUL_MAT_ID(type_a=mxfp4,type_b=f32,n_mats=4,n_used=2,b=0,m=512,n=4,k=256): [1;32mOK[0m
  MUL_MAT_ID(type_a=mxfp4,type_b=f32,n_mats=4,n_used=2,b=0,m=512,n=5,k=256): [1;32mOK[0m
  MUL_MAT_ID(type_a=mxfp4,type_b=f32,n_mats=4,n_used=2,b=0,m=512,n=17,k=256): [1;32mOK[0m
  MUL_MAT_ID(type_a=mxfp4,type_b=f32,n_mats=4,n_used=2,b=0,m=512,n=32,k=256): [1;32mOK[0m
  MUL_MAT_ID(type_a=mxfp4,type_b=f32,n_mats=4,n_used=2,b=0,m=512,n=129,k=256): [1;32mOK[0m
  MUL_MAT_ID(type_a=mxfp4,type_b=f32,n_mats=4,n_used=2,b=1,m=512,n=1,k=256): [1;32mOK[0m
  MUL_MAT_ID(type_a=mxfp4,type_b=f32,n_mats=4,n_used=2,b=1,m=512,n=4,k=256): [1;32mOK[0m
  MUL_MAT_ID(type_a=mxfp4,type_b=f32,n_mats=4,n_used=2,b=1,m=512,n=5,k=256): [1;32mOK[0m
  MUL_MAT_ID(type_a=mxfp4,type_b=f32,n_mats=4,n_used=2,b=1,m=512,n=17,k=256): [1;32mOK[0m
  MUL_MAT_ID(type_a=mxfp4,type_b=f32,n_mats=4,n_used=2,b=1,m=512,n=32,k=256): [1;32mOK[0m
  MUL_MAT_ID(type_a=mxfp4,type_b=f32,n_mats=4,n_used=2,b=1,m=512,n=129,k=256): [1;32mOK[0m
  MUL_MAT_ID(type_a=mxfp4,type_b=f32,n_mats=4,n_used=4,b=0,m=512,n=1,k=256): [1;32mOK[0m
  MUL_MAT_ID(type_a=mxfp4,type_b=f32,n_mats=4,n_used=4,b=0,m=512,n=4,k=256): [1;32mOK[0m
  MUL_MAT_ID(type_a=mxfp4,type_b=f32,n_mats=4,n_used=4,b=0,m=512,n=5,k=256): [1;32mOK[0m
  MUL_MAT_ID(type_a=mxfp4,type_b=f32,n_mats=4,n_used=4,b=0,m=512,n=17,k=256): [1;32mOK[0m
  MUL_MAT_ID(type_a=mxfp4,type_b=f32,n_mats=4,n_used=4,b=0,m=512,n=32,k=256): [1;32mOK[0m
  MUL_MAT_ID(type_a=mxfp4,type_b=f32,n_mats=4,n_used=4,b=0,m=512,n=129,k=256): [1;32mOK[0m
  MUL_MAT_ID(type_a=mxfp4,type_b=f32,n_mats=4,n_used=4,b=1,m=512,n=1,k=256): [1;32mOK[0m
  MUL_MAT_ID(type_a=mxfp4,type_b=f32,n_mats=4,n_used=4,b=1,m=512,n=4,k=256): [1;32mOK[0m
  MUL_MAT_ID(type_a=mxfp4,type_b=f32,n_mats=4,n_used=4,b=1,m=512,n=5,k=256): [1;32mOK[0m
  MUL_MAT_ID(type_a=mxfp4,type_b=f32,n_mats=4,n_used=4,b=1,m=512,n=17,k=256): [1;32mOK[0m
  MUL_MAT_ID(type_a=mxfp4,type_b=f32,n_mats=4,n_used=4,b=1,m=512,n=32,k=256): [1;32mOK[0m
  MUL_MAT_ID(type_a=mxfp4,type_b=f32,n_mats=4,n_used=4,b=1,m=512,n=129,k=256): [1;32mOK[0m
  MUL_MAT_ID(type_a=mxfp4,type_b=f32,n_mats=8,n_used=1,b=0,m=512,n=1,k=256): [1;32mOK[0m
  MUL_MAT_ID(type_a=mxfp4,type_b=f32,n_mats=8,n_used=1,b=0,m=512,n=4,k=256): [1;32mOK[0m
  MUL_MAT_ID(type_a=mxfp4,type_b=f32,n_mats=8,n_used=1,b=0,m=512,n=5,k=256): [1;32mOK[0m
  MUL_MAT_ID(type_a=mxfp4,type_b=f32,n_mats=8,n_used=1,b=0,m=512,n=17,k=256): [1;32mOK[0m
  MUL_MAT_ID(type_a=mxfp4,type_b=f32,n_mats=8,n_used=1,b=0,m=512,n=32,k=256): [1;32mOK[0m
  MUL_MAT_ID(type_a=mxfp4,type_b=f32,n_mats=8,n_used=1,b=0,m=512,n=129,k=256): ggml_backend_cuda_graph_compute: CUDA graph warmup complete
ggml_backend_cuda_graph_compute: CUDA graph warmup complete
[1;32mOK[0m
  MUL_MAT_ID(type_a=mxfp4,type_b=f32,n_mats=8,n_used=1,b=1,m=512,n=1,k=256): ggml_backend_cuda_graph_compute: CUDA graph warmup reset
ggml_backend_cuda_graph_compute: CUDA graph warmup reset
[1;32mOK[0m
  MUL_MAT_ID(type_a=mxfp4,type_b=f32,n_mats=8,n_used=1,b=1,m=512,n=4,k=256): [1;32mOK[0m
  MUL_MAT_ID(type_a=mxfp4,type_b=f32,n_mats=8,n_used=1,b=1,m=512,n=5,k=256): [1;32mOK[0m
  MUL_MAT_ID(type_a=mxfp4,type_b=f32,n_mats=8,n_used=1,b=1,m=512,n=17,k=256): [1;32mOK[0m
  MUL_MAT_ID(type_a=mxfp4,type_b=f32,n_mats=8,n_used=1,b=1,m=512,n=32,k=256): [1;32mOK[0m
  MUL_MAT_ID(type_a=mxfp4,type_b=f32,n_mats=8,n_used=1,b=1,m=512,n=129,k=256): [1;32mOK[0m
  MUL_MAT_ID(type_a=mxfp4,type_b=f32,n_mats=8,n_used=2,b=0,m=512,n=1,k=256): [1;32mOK[0m
  MUL_MAT_ID(type_a=mxfp4,type_b=f32,n_mats=8,n_used=2,b=0,m=512,n=4,k=256): [1;32mOK[0m
  MUL_MAT_ID(type_a=mxfp4,type_b=f32,n_mats=8,n_used=2,b=0,m=512,n=5,k=256): [1;32mOK[0m
  MUL_MAT_ID(type_a=mxfp4,type_b=f32,n_mats=8,n_used=2,b=0,m=512,n=17,k=256): [1;32mOK[0m
  MUL_MAT_ID(type_a=mxfp4,type_b=f32,n_mats=8,n_used=2,b=0,m=512,n=32,k=256): [1;32mOK[0m
  MUL_MAT_ID(type_a=mxfp4,type_b=f32,n_mats=8,n_used=2,b=0,m=512,n=129,k=256): [1;32mOK[0m
  MUL_MAT_ID(type_a=mxfp4,type_b=f32,n_mats=8,n_used=2,b=1,m=512,n=1,k=256): [1;32mOK[0m
  MUL_MAT_ID(type_a=mxfp4,type_b=f32,n_mats=8,n_used=2,b=1,m=512,n=4,k=256): [1;32mOK[0m
  MUL_MAT_ID(type_a=mxfp4,type_b=f32,n_mats=8,n_used=2,b=1,m=512,n=5,k=256): [1;32mOK[0m
  MUL_MAT_ID(type_a=mxfp4,type_b=f32,n_mats=8,n_used=2,b=1,m=512,n=17,k=256): [1;32mOK[0m
  MUL_MAT_ID(type_a=mxfp4,type_b=f32,n_mats=8,n_used=2,b=1,m=512,n=32,k=256): [1;32mOK[0m
  MUL_MAT_ID(type_a=mxfp4,type_b=f32,n_mats=8,n_used=2,b=1,m=512,n=129,k=256): [1;32mOK[0m
  MUL_MAT_ID(type_a=mxfp4,type_b=f32,n_mats=8,n_used=4,b=0,m=512,n=1,k=256): [1;32mOK[0m
  MUL_MAT_ID(type_a=mxfp4,type_b=f32,n_mats=8,n_used=4,b=0,m=512,n=4,k=256): [1;32mOK[0m
  MUL_MAT_ID(type_a=mxfp4,type_b=f32,n_mats=8,n_used=4,b=0,m=512,n=5,k=256): [1;32mOK[0m
  MUL_MAT_ID(type_a=mxfp4,type_b=f32,n_mats=8,n_used=4,b=0,m=512,n=17,k=256): [1;32mOK[0m
  MUL_MAT_ID(type_a=mxfp4,type_b=f32,n_mats=8,n_used=4,b=0,m=512,n=32,k=256): [1;32mOK[0m
  MUL_MAT_ID(type_a=mxfp4,type_b=f32,n_mats=8,n_used=4,b=0,m=512,n=129,k=256): [1;32mOK[0m
  MUL_MAT_ID(type_a=mxfp4,type_b=f32,n_mats=8,n_used=4,b=1,m=512,n=1,k=256): [1;32mOK[0m
  MUL_MAT_ID(type_a=mxfp4,type_b=f32,n_mats=8,n_used=4,b=1,m=512,n=4,k=256): [1;32mOK[0m
  MUL_MAT_ID(type_a=mxfp4,type_b=f32,n_mats=8,n_used=4,b=1,m=512,n=5,k=256): [1;32mOK[0m
  MUL_MAT_ID(type_a=mxfp4,type_b=f32,n_mats=8,n_used=4,b=1,m=512,n=17,k=256): [1;32mOK[0m
  MUL_MAT_ID(type_a=mxfp4,type_b=f32,n_mats=8,n_used=4,b=1,m=512,n=32,k=256): [1;32mOK[0m
  MUL_MAT_ID(type_a=mxfp4,type_b=f32,n_mats=8,n_used=4,b=1,m=512,n=129,k=256): [1;32mOK[0m
  MUL_MAT_ID(type_a=nvfp4,type_b=f32,n_mats=4,n_used=1,b=0,m=512,n=1,k=256): [1;32mOK[0m
  MUL_MAT_ID(type_a=nvfp4,type_b=f32,n_mats=4,n_used=1,b=0,m=512,n=4,k=256): [1;32mOK[0m
  MUL_MAT_ID(type_a=nvfp4,type_b=f32,n_mats=4,n_used=1,b=0,m=512,n=5,k=256): [1;32mOK[0m
  MUL_MAT_ID(type_a=nvfp4,type_b=f32,n_mats=4,n_used=1,b=0,m=512,n=17,k=256): ggml_backend_cuda_graph_compute: CUDA graph warmup complete
ggml_backend_cuda_graph_compute: CUDA graph warmup complete
[1;32mOK[0m
  MUL_MAT_ID(type_a=nvfp4,type_b=f32,n_mats=4,n_used=1,b=0,m=512,n=32,k=256): ggml_backend_cuda_graph_compute: CUDA graph warmup reset
ggml_backend_cuda_graph_compute: CUDA graph warmup reset
[1;32mOK[0m
  MUL_MAT_ID(type_a=nvfp4,type_b=f32,n_mats=4,n_used=1,b=0,m=512,n=129,k=256): ggml_backend_cuda_graph_compute: CUDA graph warmup complete
ggml_backend_cuda_graph_compute: CUDA graph warmup complete
[1;32mOK[0m
  MUL_MAT_ID(type_a=nvfp4,type_b=f32,n_mats=4,n_used=1,b=1,m=512,n=1,k=256): ggml_backend_cuda_graph_compute: CUDA graph warmup reset
ggml_backend_cuda_graph_compute: CUDA graph warmup reset
[1;32mOK[0m
  MUL_MAT_ID(type_a=nvfp4,type_b=f32,n_mats=4,n_used=1,b=1,m=512,n=4,k=256): [1;32mOK[0m
  MUL_MAT_ID(type_a=nvfp4,type_b=f32,n_mats=4,n_used=1,b=1,m=512,n=5,k=256): [1;32mOK[0m
  MUL_MAT_ID(type_a=nvfp4,type_b=f32,n_mats=4,n_used=1,b=1,m=512,n=17,k=256): [1;32mOK[0m
  MUL_MAT_ID(type_a=nvfp4,type_b=f32,n_mats=4,n_used=1,b=1,m=512,n=32,k=256): [1;32mOK[0m
  MUL_MAT_ID(type_a=nvfp4,type_b=f32,n_mats=4,n_used=1,b=1,m=512,n=129,k=256): [1;32mOK[0m
  MUL_MAT_ID(type_a=nvfp4,type_b=f32,n_mats=4,n_used=2,b=0,m=512,n=1,k=256): [1;32mOK[0m
  MUL_MAT_ID(type_a=nvfp4,type_b=f32,n_mats=4,n_used=2,b=0,m=512,n=4,k=256): [1;32mOK[0m
  MUL_MAT_ID(type_a=nvfp4,type_b=f32,n_mats=4,n_used=2,b=0,m=512,n=5,k=256): [1;32mOK[0m
  MUL_MAT_ID(type_a=nvfp4,type_b=f32,n_mats=4,n_used=2,b=0,m=512,n=17,k=256): [1;32mOK[0m
  MUL_MAT_ID(type_a=nvfp4,type_b=f32,n_mats=4,n_used=2,b=0,m=512,n=32,k=256): [1;32mOK[0m
  MUL_MAT_ID(type_a=nvfp4,type_b=f32,n_mats=4,n_used=2,b=0,m=512,n=129,k=256): ggml_backend_cuda_graph_compute: CUDA graph warmup complete
ggml_backend_cuda_graph_compute: CUDA graph warmup complete
[1;32mOK[0m
  MUL_MAT_ID(type_a=nvfp4,type_b=f32,n_mats=4,n_used=2,b=1,m=512,n=1,k=256): ggml_backend_cuda_graph_compute: CUDA graph warmup reset
ggml_backend_cuda_graph_compute: CUDA graph warmup reset
[1;32mOK[0m
  MUL_MAT_ID(type_a=nvfp4,type_b=f32,n_mats=4,n_used=2,b=1,m=512,n=4,k=256): [1;32mOK[0m
  MUL_MAT_ID(type_a=nvfp4,type_b=f32,n_mats=4,n_used=2,b=1,m=512,n=5,k=256): [1;32mOK[0m
  MUL_MAT_ID(type_a=nvfp4,type_b=f32,n_mats=4,n_used=2,b=1,m=512,n=17,k=256): [1;32mOK[0m
  MUL_MAT_ID(type_a=nvfp4,type_b=f32,n_mats=4,n_used=2,b=1,m=512,n=32,k=256): [1;32mOK[0m
  MUL_MAT_ID(type_a=nvfp4,type_b=f32,n_mats=4,n_used=2,b=1,m=512,n=129,k=256): [1;32mOK[0m
  MUL_MAT_ID(type_a=nvfp4,type_b=f32,n_mats=4,n_used=4,b=0,m=512,n=1,k=256): [1;32mOK[0m
  MUL_MAT_ID(type_a=nvfp4,type_b=f32,n_mats=4,n_used=4,b=0,m=512,n=4,k=256): [1;32mOK[0m
  MUL_MAT_ID(type_a=nvfp4,type_b=f32,n_mats=4,n_used=4,b=0,m=512,n=5,k=256): [1;32mOK[0m
  MUL_MAT_ID(type_a=nvfp4,type_b=f32,n_mats=4,n_used=4,b=0,m=512,n=17,k=256): [1;32mOK[0m
  MUL_MAT_ID(type_a=nvfp4,type_b=f32,n_mats=4,n_used=4,b=0,m=512,n=32,k=256): [1;32mOK[0m
  MUL_MAT_ID(type_a=nvfp4,type_b=f32,n_mats=4,n_used=4,b=0,m=512,n=129,k=256): [1;32mOK[0m
  MUL_MAT_ID(type_a=nvfp4,type_b=f32,n_mats=4,n_used=4,b=1,m=512,n=1,k=256): [1;32mOK[0m
  MUL_MAT_ID(type_a=nvfp4,type_b=f32,n_mats=4,n_used=4,b=1,m=512,n=4,k=256): [1;32mOK[0m
  MUL_MAT_ID(type_a=nvfp4,type_b=f32,n_mats=4,n_used=4,b=1,m=512,n=5,k=256): [1;32mOK[0m
  MUL_MAT_ID(type_a=nvfp4,type_b=f32,n_mats=4,n_used=4,b=1,m=512,n=17,k=256): [1;32mOK[0m
  MUL_MAT_ID(type_a=nvfp4,type_b=f32,n_mats=4,n_used=4,b=1,m=512,n=32,k=256): [1;32mOK[0m
  MUL_MAT_ID(type_a=nvfp4,type_b=f32,n_mats=4,n_used=4,b=1,m=512,n=129,k=256): [1;32mOK[0m
  MUL_MAT_ID(type_a=nvfp4,type_b=f32,n_mats=8,n_used=1,b=0,m=512,n=1,k=256): [1;32mOK[0m
  MUL_MAT_ID(type_a=nvfp4,type_b=f32,n_mats=8,n_used=1,b=0,m=512,n=4,k=256): [1;32mOK[0m
  MUL_MAT_ID(type_a=nvfp4,type_b=f32,n_mats=8,n_used=1,b=0,m=512,n=5,k=256): [1;32mOK[0m
  MUL_MAT_ID(type_a=nvfp4,type_b=f32,n_mats=8,n_used=1,b=0,m=512,n=17,k=256): [1;32mOK[0m
  MUL_MAT_ID(type_a=nvfp4,type_b=f32,n_mats=8,n_used=1,b=0,m=512,n=32,k=256): [1;32mOK[0m
  MUL_MAT_ID(type_a=nvfp4,type_b=f32,n_mats=8,n_used=1,b=0,m=512,n=129,k=256): ggml_backend_cuda_graph_compute: CUDA graph warmup complete
ggml_backend_cuda_graph_compute: CUDA graph warmup complete
[1;32mOK[0m
  MUL_MAT_ID(type_a=nvfp4,type_b=f32,n_mats=8,n_used=1,b=1,m=512,n=1,k=256): ggml_backend_cuda_graph_compute: CUDA graph warmup reset
ggml_backend_cuda_graph_compute: CUDA graph warmup reset
[1;32mOK[0m
  MUL_MAT_ID(type_a=nvfp4,type_b=f32,n_mats=8,n_used=1,b=1,m=512,n=4,k=256): [1;32mOK[0m
  MUL_MAT_ID(type_a=nvfp4,type_b=f32,n_mats=8,n_used=1,b=1,m=512,n=5,k=256): [1;32mOK[0m
  MUL_MAT_ID(type_a=nvfp4,type_b=f32,n_mats=8,n_used=1,b=1,m=512,n=17,k=256): [1;32mOK[0m
  MUL_MAT_ID(type_a=nvfp4,type_b=f32,n_mats=8,n_used=1,b=1,m=512,n=32,k=256): [1;32mOK[0m
  MUL_MAT_ID(type_a=nvfp4,type_b=f32,n_mats=8,n_used=1,b=1,m=512,n=129,k=256): [1;32mOK[0m
  MUL_MAT_ID(type_a=nvfp4,type_b=f32,n_mats=8,n_used=2,b=0,m=512,n=1,k=256): [1;32mOK[0m
  MUL_MAT_ID(type_a=nvfp4,type_b=f32,n_mats=8,n_used=2,b=0,m=512,n=4,k=256): [1;32mOK[0m
  MUL_MAT_ID(type_a=nvfp4,type_b=f32,n_mats=8,n_used=2,b=0,m=512,n=5,k=256): [1;32mOK[0m
  MUL_MAT_ID(type_a=nvfp4,type_b=f32,n_mats=8,n_used=2,b=0,m=512,n=17,k=256): [1;32mOK[0m
  MUL_MAT_ID(type_a=nvfp4,type_b=f32,n_mats=8,n_used=2,b=0,m=512,n=32,k=256): [1;32mOK[0m
  MUL_MAT_ID(type_a=nvfp4,type_b=f32,n_mats=8,n_used=2,b=0,m=512,n=129,k=256): [1;32mOK[0m
  MUL_MAT_ID(type_a=nvfp4,type_b=f32,n_mats=8,n_used=2,b=1,m=512,n=1,k=256): [1;32mOK[0m
  MUL_MAT_ID(type_a=nvfp4,type_b=f32,n_mats=8,n_used=2,b=1,m=512,n=4,k=256): [1;32mOK[0m
  MUL_MAT_ID(type_a=nvfp4,type_b=f32,n_mats=8,n_used=2,b=1,m=512,n=5,k=256): [1;32mOK[0m
  MUL_MAT_ID(type_a=nvfp4,type_b=f32,n_mats=8,n_used=2,b=1,m=512,n=17,k=256): [1;32mOK[0m
  MUL_MAT_ID(type_a=nvfp4,type_b=f32,n_mats=8,n_used=2,b=1,m=512,n=32,k=256): [1;32mOK[0m
  MUL_MAT_ID(type_a=nvfp4,type_b=f32,n_mats=8,n_used=2,b=1,m=512,n=129,k=256): [1;32mOK[0m
  MUL_MAT_ID(type_a=nvfp4,type_b=f32,n_mats=8,n_used=4,b=0,m=512,n=1,k=256): [1;32mOK[0m
  MUL_MAT_ID(type_a=nvfp4,type_b=f32,n_mats=8,n_used=4,b=0,m=512,n=4,k=256): [1;32mOK[0m
  MUL_MAT_ID(type_a=nvfp4,type_b=f32,n_mats=8,n_used=4,b=0,m=512,n=5,k=256): [1;32mOK[0m
  MUL_MAT_ID(type_a=nvfp4,type_b=f32,n_mats=8,n_used=4,b=0,m=512,n=17,k=256): [1;32mOK[0m
  MUL_MAT_ID(type_a=nvfp4,type_b=f32,n_mats=8,n_used=4,b=0,m=512,n=32,k=256): [1;32mOK[0m
  MUL_MAT_ID(type_a=nvfp4,type_b=f32,n_mats=8,n_used=4,b=0,m=512,n=129,k=256): [1;32mOK[0m
  MUL_MAT_ID(type_a=nvfp4,type_b=f32,n_mats=8,n_used=4,b=1,m=512,n=1,k=256): [1;32mOK[0m
  MUL_MAT_ID(type_a=nvfp4,type_b=f32,n_mats=8,n_used=4,b=1,m=512,n=4,k=256): [1;32mOK[0m
  MUL_MAT_ID(type_a=nvfp4,type_b=f32,n_mats=8,n_used=4,b=1,m=512,n=5,k=256): [1;32mOK[0m
  MUL_MAT_ID(type_a=nvfp4,type_b=f32,n_mats=8,n_used=4,b=1,m=512,n=17,k=256): [1;32mOK[0m
  MUL_MAT_ID(type_a=nvfp4,type_b=f32,n_mats=8,n_used=4,b=1,m=512,n=32,k=256): [1;32mOK[0m
  MUL_MAT_ID(type_a=nvfp4,type_b=f32,n_mats=8,n_used=4,b=1,m=512,n=129,k=256): [1;32mOK[0m
  MUL_MAT_ID(type_a=iq2_xxs,type_b=f32,n_mats=4,n_used=1,b=0,m=512,n=1,k=256): [1;32mOK[0m
  MUL_MAT_ID(type_a=iq2_xxs,type_b=f32,n_mats=4,n_used=1,b=0,m=512,n=4,k=256): [1;32mOK[0m
  MUL_MAT_ID(type_a=iq2_xxs,type_b=f32,n_mats=4,n_used=1,b=0,m=512,n=5,k=256): [1;32mOK[0m
  MUL_MAT_ID(type_a=iq2_xxs,type_b=f32,n_mats=4,n_used=1,b=0,m=512,n=17,k=256): ggml_backend_cuda_graph_compute: CUDA graph warmup complete
ggml_backend_cuda_graph_compute: CUDA graph warmup complete
[1;32mOK[0m
  MUL_MAT_ID(type_a=iq2_xxs,type_b=f32,n_mats=4,n_used=1,b=0,m=512,n=32,k=256): ggml_backend_cuda_graph_compute: CUDA graph warmup reset
ggml_backend_cuda_graph_compute: CUDA graph warmup reset
[1;32mOK[0m
  MUL_MAT_ID(type_a=iq2_xxs,type_b=f32,n_mats=4,n_used=1,b=0,m=512,n=129,k=256): [1;32mOK[0m
  MUL_MAT_ID(type_a=iq2_xxs,type_b=f32,n_mats=4,n_used=1,b=1,m=512,n=1,k=256): [1;32mOK[0m
  MUL_MAT_ID(type_a=iq2_xxs,type_b=f32,n_mats=4,n_used=1,b=1,m=512,n=4,k=256): [1;32mOK[0m
  MUL_MAT_ID(type_a=iq2_xxs,type_b=f32,n_mats=4,n_used=1,b=1,m=512,n=5,k=256): [1;32mOK[0m
  MUL_MAT_ID(type_a=iq2_xxs,type_b=f32,n_mats=4,n_used=1,b=1,m=512,n=17,k=256): [1;32mOK[0m
  MUL_MAT_ID(type_a=iq2_xxs,type_b=f32,n_mats=4,n_used=1,b=1,m=512,n=32,k=256): [1;32mOK[0m
  MUL_MAT_ID(type_a=iq2_xxs,type_b=f32,n_mats=4,n_used=1,b=1,m=512,n=129,k=256): [1;32mOK[0m
  MUL_MAT_ID(type_a=iq2_xxs,type_b=f32,n_mats=4,n_used=2,b=0,m=512,n=1,k=256): [1;32mOK[0m
  MUL_MAT_ID(type_a=iq2_xxs,type_b=f32,n_mats=4,n_used=2,b=0,m=512,n=4,k=256): [1;32mOK[0m
  MUL_MAT_ID(type_a=iq2_xxs,type_b=f32,n_mats=4,n_used=2,b=0,m=512,n=5,k=256): [1;32mOK[0m
  MUL_MAT_ID(type_a=iq2_xxs,type_b=f32,n_mats=4,n_used=2,b=0,m=512,n=17,k=256): [1;32mOK[0m
  MUL_MAT_ID(type_a=iq2_xxs,type_b=f32,n_mats=4,n_used=2,b=0,m=512,n=32,k=256): [1;32mOK[0m
  MUL_MAT_ID(type_a=iq2_xxs,type_b=f32,n_mats=4,n_used=2,b=0,m=512,n=129,k=256): [1;32mOK[0m
  MUL_MAT_ID(type_a=iq2_xxs,type_b=f32,n_mats=4,n_used=2,b=1,m=512,n=1,k=256): [1;32mOK[0m
  MUL_MAT_ID(type_a=iq2_xxs,type_b=f32,n_mats=4,n_used=2,b=1,m=512,n=4,k=256): [1;32mOK[0m
  MUL_MAT_ID(type_a=iq2_xxs,type_b=f32,n_mats=4,n_used=2,b=1,m=512,n=5,k=256): [1;32mOK[0m
  MUL_MAT_ID(type_a=iq2_xxs,type_b=f32,n_mats=4,n_used=2,b=1,m=512,n=17,k=256): [1;32mOK[0m
  MUL_MAT_ID(type_a=iq2_xxs,type_b=f32,n_mats=4,n_used=2,b=1,m=512,n=32,k=256): [1;32mOK[0m
  MUL_MAT_ID(type_a=iq2_xxs,type_b=f32,n_mats=4,n_used=2,b=1,m=512,n=129,k=256): [1;32mOK[0m
  MUL_MAT_ID(type_a=iq2_xxs,type_b=f32,n_mats=4,n_used=4,b=0,m=512,n=1,k=256): [1;32mOK[0m
  MUL_MAT_ID(type_a=iq2_xxs,type_b=f32,n_mats=4,n_used=4,b=0,m=512,n=4,k=256): [1;32mOK[0m
  MUL_MAT_ID(type_a=iq2_xxs,type_b=f32,n_mats=4,n_used=4,b=0,m=512,n=5,k=256): [1;32mOK[0m
  MUL_MAT_ID(type_a=iq2_xxs,type_b=f32,n_mats=4,n_used=4,b=0,m=512,n=17,k=256): [1;32mOK[0m
  MUL_MAT_ID(type_a=iq2_xxs,type_b=f32,n_mats=4,n_used=4,b=0,m=512,n=32,k=256): [1;32mOK[0m
  MUL_MAT_ID(type_a=iq2_xxs,type_b=f32,n_mats=4,n_used=4,b=0,m=512,n=129,k=256): [1;32mOK[0m
  MUL_MAT_ID(type_a=iq2_xxs,type_b=f32,n_mats=4,n_used=4,b=1,m=512,n=1,k=256): [1;32mOK[0m
  MUL_MAT_ID(type_a=iq2_xxs,type_b=f32,n_mats=4,n_used=4,b=1,m=512,n=4,k=256): [1;32mOK[0m
  MUL_MAT_ID(type_a=iq2_xxs,type_b=f32,n_mats=4,n_used=4,b=1,m=512,n=5,k=256): [1;32mOK[0m
  MUL_MAT_ID(type_a=iq2_xxs,type_b=f32,n_mats=4,n_used=4,b=1,m=512,n=17,k=256): [1;32mOK[0m
  MUL_MAT_ID(type_a=iq2_xxs,type_b=f32,n_mats=4,n_used=4,b=1,m=512,n=32,k=256): [1;32mOK[0m
  MUL_MAT_ID(type_a=iq2_xxs,type_b=f32,n_mats=4,n_used=4,b=1,m=512,n=129,k=256): [1;32mOK[0m
  MUL_MAT_ID(type_a=iq2_xxs,type_b=f32,n_mats=8,n_used=1,b=0,m=512,n=1,k=256): [1;32mOK[0m
  MUL_MAT_ID(type_a=iq2_xxs,type_b=f32,n_mats=8,n_used=1,b=0,m=512,n=4,k=256): [1;32mOK[0m
  MUL_MAT_ID(type_a=iq2_xxs,type_b=f32,n_mats=8,n_used=1,b=0,m=512,n=5,k=256): [1;32mOK[0m
  MUL_MAT_ID(type_a=iq2_xxs,type_b=f32,n_mats=8,n_used=1,b=0,m=512,n=17,k=256): [1;32mOK[0m
  MUL_MAT_ID(type_a=iq2_xxs,type_b=f32,n_mats=8,n_used=1,b=0,m=512,n=32,k=256): [1;32mOK[0m
  MUL_MAT_ID(type_a=iq2_xxs,type_b=f32,n_mats=8,n_used=1,b=0,m=512,n=129,k=256): [1;32mOK[0m
  MUL_MAT_ID(type_a=iq2_xxs,type_b=f32,n_mats=8,n_used=1,b=1,m=512,n=1,k=256): [1;32mOK[0m
  MUL_MAT_ID(type_a=iq2_xxs,type_b=f32,n_mats=8,n_used=1,b=1,m=512,n=4,k=256): [1;32mOK[0m
  MUL_MAT_ID(type_a=iq2_xxs,type_b=f32,n_mats=8,n_used=1,b=1,m=512,n=5,k=256): [1;32mOK[0m
  MUL_MAT_ID(type_a=iq2_xxs,type_b=f32,n_mats=8,n_used=1,b=1,m=512,n=17,k=256): [1;32mOK[0m
  MUL_MAT_ID(type_a=iq2_xxs,type_b=f32,n_mats=8,n_used=1,b=1,m=512,n=32,k=256): [1;32mOK[0m
  MUL_MAT_ID(type_a=iq2_xxs,type_b=f32,n_mats=8,n_used=1,b=1,m=512,n=129,k=256): [1;32mOK[0m
  MUL_MAT_ID(type_a=iq2_xxs,type_b=f32,n_mats=8,n_used=2,b=0,m=512,n=1,k=256): [1;32mOK[0m
  MUL_MAT_ID(type_a=iq2_xxs,type_b=f32,n_mats=8,n_used=2,b=0,m=512,n=4,k=256): [1;32mOK[0m
  MUL_MAT_ID(type_a=iq2_xxs,type_b=f32,n_mats=8,n_used=2,b=0,m=512,n=5,k=256): [1;32mOK[0m
  MUL_MAT_ID(type_a=iq2_xxs,type_b=f32,n_mats=8,n_used=2,b=0,m=512,n=17,k=256): [1;32mOK[0m
  MUL_MAT_ID(type_a=iq2_xxs,type_b=f32,n_mats=8,n_used=2,b=0,m=512,n=32,k=256): [1;32mOK[0m
  MUL_MAT_ID(type_a=iq2_xxs,type_b=f32,n_mats=8,n_used=2,b=0,m=512,n=129,k=256): [1;32mOK[0m
  MUL_MAT_ID(type_a=iq2_xxs,type_b=f32,n_mats=8,n_used=2,b=1,m=512,n=1,k=256): [1;32mOK[0m
  MUL_MAT_ID(type_a=iq2_xxs,type_b=f32,n_mats=8,n_used=2,b=1,m=512,n=4,k=256): [1;32mOK[0m
  MUL_MAT_ID(type_a=iq2_xxs,type_b=f32,n_mats=8,n_used=2,b=1,m=512,n=5,k=256): [1;32mOK[0m
  MUL_MAT_ID(type_a=iq2_xxs,type_b=f32,n_mats=8,n_used=2,b=1,m=512,n=17,k=256): [1;32mOK[0m
  MUL_MAT_ID(type_a=iq2_xxs,type_b=f32,n_mats=8,n_used=2,b=1,m=512,n=32,k=256): [1;32mOK[0m
  MUL_MAT_ID(type_a=iq2_xxs,type_b=f32,n_mats=8,n_used=2,b=1,m=512,n=129,k=256): [1;32mOK[0m
  MUL_MAT_ID(type_a=iq2_xxs,type_b=f32,n_mats=8,n_used=4,b=0,m=512,n=1,k=256): [1;32mOK[0m
  MUL_MAT_ID(type_a=iq2_xxs,type_b=f32,n_mats=8,n_used=4,b=0,m=512,n=4,k=256): [1;32mOK[0m
  MUL_MAT_ID(type_a=iq2_xxs,type_b=f32,n_mats=8,n_used=4,b=0,m=512,n=5,k=256): [1;32mOK[0m
  MUL_MAT_ID(type_a=iq2_xxs,type_b=f32,n_mats=8,n_used=4,b=0,m=512,n=17,k=256): [1;32mOK[0m
  MUL_MAT_ID(type_a=iq2_xxs,type_b=f32,n_mats=8,n_used=4,b=0,m=512,n=32,k=256): [1;32mOK[0m
  MUL_MAT_ID(type_a=iq2_xxs,type_b=f32,n_mats=8,n_used=4,b=0,m=512,n=129,k=256): [1;32mOK[0m
  MUL_MAT_ID(type_a=iq2_xxs,type_b=f32,n_mats=8,n_used=4,b=1,m=512,n=1,k=256): [1;32mOK[0m
  MUL_MAT_ID(type_a=iq2_xxs,type_b=f32,n_mats=8,n_used=4,b=1,m=512,n=4,k=256): [1;32mOK[0m
  MUL_MAT_ID(type_a=iq2_xxs,type_b=f32,n_mats=8,n_used=4,b=1,m=512,n=5,k=256): [1;32mOK[0m
  MUL_MAT_ID(type_a=iq2_xxs,type_b=f32,n_mats=8,n_used=4,b=1,m=512,n=17,k=256): [1;32mOK[0m
  MUL_MAT_ID(type_a=iq2_xxs,type_b=f32,n_mats=8,n_used=4,b=1,m=512,n=32,k=256): [1;32mOK[0m
  MUL_MAT_ID(type_a=iq2_xxs,type_b=f32,n_mats=8,n_used=4,b=1,m=512,n=129,k=256): [1;32mOK[0m
  MUL_MAT_ID(type_a=q4_1,type_b=f32,n_mats=4,n_used=2,b=0,m=512,n=1,k=256): [1;32mOK[0m
  MUL_MAT_ID(type_a=q4_1,type_b=f32,n_mats=4,n_used=2,b=0,m=512,n=32,k=256): [1;32mOK[0m
  MUL_MAT_ID(type_a=q5_0,type_b=f32,n_mats=4,n_used=2,b=0,m=512,n=1,k=256): [1;32mOK[0m
  MUL_MAT_ID(type_a=q5_0,type_b=f32,n_mats=4,n_used=2,b=0,m=512,n=32,k=256): ggml_backend_cuda_graph_compute: CUDA graph warmup complete
[1;32mOK[0m
  MUL_MAT_ID(type_a=q5_1,type_b=f32,n_mats=4,n_used=2,b=0,m=512,n=1,k=256): ggml_backend_cuda_graph_compute: CUDA graph warmup reset
[1;32mOK[0m
  MUL_MAT_ID(type_a=q5_1,type_b=f32,n_mats=4,n_used=2,b=0,m=512,n=32,k=256): ggml_backend_cuda_graph_compute: CUDA graph warmup complete
[1;32mOK[0m
  MUL_MAT_ID(type_a=q8_0,type_b=f32,n_mats=4,n_used=2,b=0,m=512,n=1,k=256): ggml_backend_cuda_graph_compute: CUDA graph warmup reset
[1;32mOK[0m
  MUL_MAT_ID(type_a=q8_0,type_b=f32,n_mats=4,n_used=2,b=0,m=512,n=32,k=256): [1;32mOK[0m
  MUL_MAT_ID(type_a=q1_0,type_b=f32,n_mats=4,n_used=2,b=0,m=512,n=1,k=256): [1;32mOK[0m
  MUL_MAT_ID(type_a=q1_0,type_b=f32,n_mats=4,n_used=2,b=0,m=512,n=32,k=256): [1;32mOK[0m
  MUL_MAT_ID(type_a=q2_K,type_b=f32,n_mats=4,n_used=2,b=0,m=512,n=1,k=256): [1;32mOK[0m
  MUL_MAT_ID(type_a=q2_K,type_b=f32,n_mats=4,n_used=2,b=0,m=512,n=32,k=256): [1;32mOK[0m
  MUL_MAT_ID(type_a=q3_K,type_b=f32,n_mats=4,n_used=2,b=0,m=512,n=1,k=256): [1;32mOK[0m
  MUL_MAT_ID(type_a=q3_K,type_b=f32,n_mats=4,n_used=2,b=0,m=512,n=32,k=256): ggml_backend_cuda_graph_compute: CUDA graph warmup complete
[1;32mOK[0m
  MUL_MAT_ID(type_a=q5_K,type_b=f32,n_mats=4,n_used=2,b=0,m=512,n=1,k=256): ggml_backend_cuda_graph_compute: CUDA graph warmup reset
[1;32mOK[0m
  MUL_MAT_ID(type_a=q5_K,type_b=f32,n_mats=4,n_used=2,b=0,m=512,n=32,k=256): ggml_backend_cuda_graph_compute: CUDA graph warmup complete
[1;32mOK[0m
  MUL_MAT_ID(type_a=q6_K,type_b=f32,n_mats=4,n_used=2,b=0,m=512,n=1,k=256): ggml_backend_cuda_graph_compute: CUDA graph warmup reset
[1;32mOK[0m
  MUL_MAT_ID(type_a=q6_K,type_b=f32,n_mats=4,n_used=2,b=0,m=512,n=32,k=256): [1;32mOK[0m
  MUL_MAT_ID(type_a=iq2_xs,type_b=f32,n_mats=4,n_used=2,b=0,m=512,n=1,k=256): [1;32mOK[0m
  MUL_MAT_ID(type_a=iq2_xs,type_b=f32,n_mats=4,n_used=2,b=0,m=512,n=32,k=256): [1;32mOK[0m
  MUL_MAT_ID(type_a=iq2_s,type_b=f32,n_mats=4,n_used=2,b=0,m=512,n=1,k=256): [1;32mOK[0m
  MUL_MAT_ID(type_a=iq2_s,type_b=f32,n_mats=4,n_used=2,b=0,m=512,n=32,k=256): [1;32mOK[0m
  MUL_MAT_ID(type_a=iq3_xxs,type_b=f32,n_mats=4,n_used=2,b=0,m=512,n=1,k=256): [1;32mOK[0m
  MUL_MAT_ID(type_a=iq3_xxs,type_b=f32,n_mats=4,n_used=2,b=0,m=512,n=32,k=256): [1;32mOK[0m
  MUL_MAT_ID(type_a=iq1_s,type_b=f32,n_mats=4,n_used=2,b=0,m=512,n=1,k=256): [1;32mOK[0m
  MUL_MAT_ID(type_a=iq1_s,type_b=f32,n_mats=4,n_used=2,b=0,m=512,n=32,k=256): [1;32mOK[0m
  MUL_MAT_ID(type_a=iq1_m,type_b=f32,n_mats=4,n_used=2,b=0,m=512,n=1,k=256): [1;32mOK[0m
  MUL_MAT_ID(type_a=iq1_m,type_b=f32,n_mats=4,n_used=2,b=0,m=512,n=32,k=256): ggml_backend_cuda_graph_compute: CUDA graph warmup complete
[1;32mOK[0m
  MUL_MAT_ID(type_a=iq4_nl,type_b=f32,n_mats=4,n_used=2,b=0,m=512,n=1,k=256): ggml_backend_cuda_graph_compute: CUDA graph warmup reset
[1;32mOK[0m
  MUL_MAT_ID(type_a=iq4_nl,type_b=f32,n_mats=4,n_used=2,b=0,m=512,n=32,k=256): [1;32mOK[0m
  MUL_MAT_ID(type_a=iq3_s,type_b=f32,n_mats=4,n_used=2,b=0,m=512,n=1,k=256): [1;32mOK[0m
  MUL_MAT_ID(type_a=iq3_s,type_b=f32,n_mats=4,n_used=2,b=0,m=512,n=32,k=256): [1;32mOK[0m
  MUL_MAT_ID(type_a=iq4_xs,type_b=f32,n_mats=4,n_used=2,b=0,m=512,n=1,k=256): [1;32mOK[0m
  MUL_MAT_ID(type_a=iq4_xs,type_b=f32,n_mats=4,n_used=2,b=0,m=512,n=32,k=256): ggml_backend_cuda_graph_compute: CUDA graph warmup complete
[1;32mOK[0m
  MUL_MAT_ID(type_a=bf16,type_b=f32,n_mats=4,n_used=2,b=0,m=512,n=1,k=256): ggml_backend_cuda_graph_compute: CUDA graph warmup reset
[1;32mOK[0m
  MUL_MAT_ID(type_a=bf16,type_b=f32,n_mats=4,n_used=2,b=0,m=512,n=32,k=256): [1;32mOK[0m
  MUL_MAT_ID(type_a=iq2_xxs,type_b=f32,n_mats=4,n_used=2,b=0,m=512,n=15,k=256): [1;32mOK[0m
  MUL_MAT_ID(type_a=iq2_xxs,type_b=f32,n_mats=4,n_used=2,b=0,m=512,n=16,k=256): [1;32mOK[0m
  MUL_MAT_ID(type_a=iq2_xxs,type_b=f32,n_mats=4,n_used=2,b=0,m=512,n=31,k=256): [1;32mOK[0m
  MUL_MAT_ID(type_a=iq2_xxs,type_b=f32,n_mats=4,n_used=2,b=0,m=512,n=33,k=256): [1;32mOK[0m
  MUL_MAT_ID(type_a=iq2_xxs,type_b=f32,n_mats=4,n_used=2,b=0,m=32,n=33,k=256): ggml_backend_cuda_graph_compute: CUDA graph warmup complete
[1;32mOK[0m
  MUL_MAT_ID(type_a=iq2_xs,type_b=f32,n_mats=4,n_used=2,b=0,m=512,n=15,k=256): ggml_backend_cuda_graph_compute: CUDA graph warmup complete
ggml_backend_cuda_graph_compute: CUDA graph warmup complete
[1;32mOK[0m
  MUL_MAT_ID(type_a=iq2_xs,type_b=f32,n_mats=4,n_used=2,b=0,m=512,n=16,k=256): ggml_backend_cuda_graph_compute: CUDA graph warmup reset
ggml_backend_cuda_graph_compute: CUDA graph warmup reset
ggml_backend_cuda_graph_compute: CUDA graph warmup reset
[1;32mOK[0m
  MUL_MAT_ID(type_a=iq2_xs,type_b=f32,n_mats=4,n_used=2,b=0,m=512,n=31,k=256): [1;32mOK[0m
  MUL_MAT_ID(type_a=iq2_xs,type_b=f32,n_mats=4,n_used=2,b=0,m=512,n=33,k=256): [1;32mOK[0m
  MUL_MAT_ID(type_a=iq2_xs,type_b=f32,n_mats=4,n_used=2,b=0,m=32,n=33,k=256): ggml_backend_cuda_graph_compute: CUDA graph warmup complete
[1;32mOK[0m
  MUL_MAT_ID(type_a=iq2_s,type_b=f32,n_mats=4,n_used=2,b=0,m=512,n=15,k=256): ggml_backend_cuda_graph_compute: CUDA graph warmup complete
ggml_backend_cuda_graph_compute: CUDA graph warmup complete
[1;32mOK[0m
  MUL_MAT_ID(type_a=iq2_s,type_b=f32,n_mats=4,n_used=2,b=0,m=512,n=16,k=256): ggml_backend_cuda_graph_compute: CUDA graph warmup reset
ggml_backend_cuda_graph_compute: CUDA graph warmup reset
ggml_backend_cuda_graph_compute: CUDA graph warmup reset
[1;32mOK[0m
  MUL_MAT_ID(type_a=iq2_s,type_b=f32,n_mats=4,n_used=2,b=0,m=512,n=31,k=256): [1;32mOK[0m
  MUL_MAT_ID(type_a=iq2_s,type_b=f32,n_mats=4,n_used=2,b=0,m=512,n=33,k=256): [1;32mOK[0m
  MUL_MAT_ID(type_a=iq2_s,type_b=f32,n_mats=4,n_used=2,b=0,m=32,n=33,k=256): [1;32mOK[0m
  MUL_MAT_ID(type_a=iq3_xxs,type_b=f32,n_mats=4,n_used=2,b=0,m=512,n=15,k=256): ggml_backend_cuda_graph_compute: CUDA graph warmup complete
ggml_backend_cuda_graph_compute: CUDA graph warmup complete
ggml_backend_cuda_graph_compute: CUDA graph warmup complete
[1;32mOK[0m
  MUL_MAT_ID(type_a=iq3_xxs,type_b=f32,n_mats=4,n_used=2,b=0,m=512,n=16,k=256): ggml_backend_cuda_graph_compute: CUDA graph warmup reset
ggml_backend_cuda_graph_compute: CUDA graph warmup reset
ggml_backend_cuda_graph_compute: CUDA graph warmup reset
[1;32mOK[0m
  MUL_MAT_ID(type_a=iq3_xxs,type_b=f32,n_mats=4,n_used=2,b=0,m=512,n=31,k=256): [1;32mOK[0m
  MUL_MAT_ID(type_a=iq3_xxs,type_b=f32,n_mats=4,n_used=2,b=0,m=512,n=33,k=256): [1;32mOK[0m
  MUL_MAT_ID(type_a=iq3_xxs,type_b=f32,n_mats=4,n_used=2,b=0,m=32,n=33,k=256): [1;32mOK[0m
  MUL_MAT_ID(type_a=iq3_s,type_b=f32,n_mats=4,n_used=2,b=0,m=512,n=15,k=256): ggml_backend_cuda_graph_compute: CUDA graph warmup complete
ggml_backend_cuda_graph_compute: CUDA graph warmup complete
ggml_backend_cuda_graph_compute: CUDA graph warmup complete
[1;32mOK[0m
  MUL_MAT_ID(type_a=iq3_s,type_b=f32,n_mats=4,n_used=2,b=0,m=512,n=16,k=256): ggml_backend_cuda_graph_compute: CUDA graph warmup reset
ggml_backend_cuda_graph_compute: CUDA graph warmup reset
ggml_backend_cuda_graph_compute: CUDA graph warmup reset
[1;32mOK[0m
  MUL_MAT_ID(type_a=iq3_s,type_b=f32,n_mats=4,n_used=2,b=0,m=512,n=31,k=256): [1;32mOK[0m
  MUL_MAT_ID(type_a=iq3_s,type_b=f32,n_mats=4,n_used=2,b=0,m=512,n=33,k=256): [1;32mOK[0m
  MUL_MAT_ID(type_a=iq3_s,type_b=f32,n_mats=4,n_used=2,b=0,m=32,n=33,k=256): [1;32mOK[0m
  815/815 tests passed
  Backend ROCm0: [1;32mOK[0m
Backend 2/2: CPU
  Skipping
2/2 backends passed
[1;32mOK[0m
