=== coder / linear (temp=0.7, p_split=0, seed=random, n_reps=30) ===
Wed Apr 29 14:38:22 UTC 2026
  ready after 4s
  linear reps 0-4 done at 14:39:18
  linear reps 0-9 done at 14:39:40
  linear reps 0-14 done at 14:40:04
  linear reps 0-19 done at 14:40:26
  linear reps 0-24 done at 14:40:48
  linear reps 0-29 done at 14:41:11
  done at Wed Apr 29 14:41:14 UTC 2026
=== coder / tree (temp=0.7, p_split=0.05, seed=random, n_reps=30) ===
Wed Apr 29 14:41:14 UTC 2026
  ready after 4s
  tree reps 0-4 done at 14:42:09
  tree reps 0-9 done at 14:42:32
  tree reps 0-14 done at 14:42:54
  tree reps 0-19 done at 14:43:17
  tree reps 0-24 done at 14:43:39
  tree reps 0-29 done at 14:44:01
  done at Wed Apr 29 14:44:04 UTC 2026

=== paired t-test (Coder linear vs tree, n=90 paired) ===
linear mean: 45.543 t/s
tree mean:   46.783 t/s
paired n=90, Δ_mean=+1.239 (+2.72%), SD=9.949, t=1.182, p≈0.2374

completed at Wed Apr 29 14:44:04 UTC 2026
