available: 12 nodes (0-11)
node 0 cpus: 0 1 2 3 4 5 6 7 96 97 98 99 100 101 102 103
node 0 size: 96335 MB
node 0 free: 500 MB
node 1 cpus: 8 9 10 11 12 13 14 15 104 105 106 107 108 109 110 111
node 1 size: 96762 MB
node 1 free: 94479 MB
node 2 cpus: 16 17 18 19 20 21 22 23 112 113 114 115 116 117 118 119
node 2 size: 96762 MB
node 2 free: 259 MB
node 3 cpus: 24 25 26 27 28 29 30 31 120 121 122 123 124 125 126 127
node 3 size: 96762 MB
node 3 free: 95035 MB
node 4 cpus: 32 33 34 35 36 37 38 39 128 129 130 131 132 133 134 135
node 4 size: 96719 MB
node 4 free: 95396 MB
node 5 cpus: 40 41 42 43 44 45 46 47 136 137 138 139 140 141 142 143
node 5 size: 96762 MB
node 5 free: 25748 MB
node 6 cpus: 48 49 50 51 52 53 54 55 144 145 146 147 148 149 150 151
node 6 size: 96762 MB
node 6 free: 94438 MB
node 7 cpus: 56 57 58 59 60 61 62 63 152 153 154 155 156 157 158 159
node 7 size: 96762 MB
node 7 free: 95204 MB
node 8 cpus: 64 65 66 67 68 69 70 71 160 161 162 163 164 165 166 167
node 8 size: 96762 MB
node 8 free: 94518 MB
node 9 cpus: 72 73 74 75 76 77 78 79 168 169 170 171 172 173 174 175
node 9 size: 96762 MB
node 9 free: 96111 MB
node 10 cpus: 80 81 82 83 84 85 86 87 176 177 178 179 180 181 182 183
node 10 size: 96764 MB
node 10 free: 95376 MB
node 11 cpus: 88 89 90 91 92 93 94 95 184 185 186 187 188 189 190 191
node 11 size: 96698 MB
node 11 free: 93865 MB
node distances:
node     0    1    2    3    4    5    6    7    8    9   10   11 
   0:   10   11   11   12   12   12   12   12   12   12   12   12 
   1:   11   10   11   12   12   12   12   12   12   12   12   12 
   2:   11   11   10   12   12   12   12   12   12   12   12   12 
   3:   12   12   12   10   11   11   12   12   12   12   12   12 
   4:   12   12   12   11   10   11   12   12   12   12   12   12 
   5:   12   12   12   11   11   10   12   12   12   12   12   12 
   6:   12   12   12   12   12   12   10   11   11   12   12   12 
   7:   12   12   12   12   12   12   11   10   11   12   12   12 
   8:   12   12   12   12   12   12   11   11   10   12   12   12 
   9:   12   12   12   12   12   12   12   12   12   10   11   11 
  10:   12   12   12   12   12   12   12   12   12   11   10   11 
  11:   12   12   12   12   12   12   12   12   12   11   11   10 
