=== Phase D — CPU22 work-stealing re-test ===
Date: 2026-04-29T15:29:27+00:00
Lib md5: 68adda9abb666a80cd0e79dc7195806b

--- coder (GGML_EP_WORK_STEALING=0) at Wed Apr 29 15:29:27 UTC 2026 ---
| qwen3moe 30B.A3B Q4_K - Medium |  17.28 GiB |    30.53 B | CPU        |      96 |  1 |    0 |            tg64 |         47.41 ± 0.13 |

--- coder (GGML_EP_WORK_STEALING=1) at Wed Apr 29 15:29:37 UTC 2026 ---
| qwen3moe 30B.A3B Q4_K - Medium |  17.28 GiB |    30.53 B | CPU        |      96 |  1 |    0 |            tg64 |         46.99 ± 0.35 |

--- next80 (GGML_EP_WORK_STEALING=0) at Wed Apr 29 15:29:48 UTC 2026 ---
| qwen3next 80B.A3B Q4_K - Medium |  45.08 GiB |    79.67 B | CPU        |      96 |  1 |    0 |            tg64 |         22.54 ± 0.01 |

--- next80 (GGML_EP_WORK_STEALING=1) at Wed Apr 29 15:30:18 UTC 2026 ---
| qwen3next 80B.A3B Q4_K - Medium |  45.08 GiB |    79.67 B | CPU        |      96 |  1 |    0 |            tg64 |         22.58 ± 0.04 |

--- reap (GGML_EP_WORK_STEALING=0) at Wed Apr 29 15:30:43 UTC 2026 ---
| qwen3moe ?B Q4_K - Medium      | 138.35 GiB |   246.08 B | CPU        |      96 |  1 |    0 |            tg64 |          6.26 ± 0.03 |

--- reap (GGML_EP_WORK_STEALING=1) at Wed Apr 29 15:32:04 UTC 2026 ---
| qwen3moe ?B Q4_K - Medium      | 138.35 GiB |   246.08 B | CPU        |      96 |  1 |    0 |            tg64 |          6.24 ± 0.01 |


=== summary ===
coder: env=0 47.41±0.13  env=1 46.99±0.35  Δ=-0.89%
next80: env=0 22.54±0.01  env=1 22.58±0.04  Δ=+0.18%
reap: env=0 6.26±0.03  env=1 6.24±0.01  Δ=-0.32%

completed at Wed Apr 29 15:33:25 UTC 2026
