<frozen runpy>:128: RuntimeWarning: 'swebench.harness.run_evaluation' found in sys.modules after import of package 'swebench.harness', but prior to execution of 'swebench.harness.run_evaluation'; this may result in unpredictable behaviour

Evaluation:   0%|          | 0/29 [00:00<?, ?it/s, error=0, ✓=0, ✖=0]
Evaluation:   0%|          | 0/29 [00:45<?, ?it/s, ✓=0, ✖=1, error=0]
Evaluation:   3%|▎         | 1/29 [00:45<21:00, 45.00s/it, ✓=0, ✖=1, error=0]
Evaluation:   3%|▎         | 1/29 [00:47<21:00, 45.00s/it, ✓=0, ✖=2, error=0]
Evaluation:   7%|▋         | 2/29 [00:47<08:52, 19.74s/it, ✓=0, ✖=2, error=0]
Evaluation:   7%|▋         | 2/29 [00:48<08:52, 19.74s/it, ✓=1, ✖=2, error=0]
Evaluation:  10%|█         | 3/29 [00:48<04:53, 11.28s/it, ✓=1, ✖=2, error=0]
Evaluation:  10%|█         | 3/29 [01:06<04:53, 11.28s/it, ✓=2, ✖=2, error=0]
Evaluation:  14%|█▍        | 4/29 [01:06<05:53, 14.14s/it, ✓=2, ✖=2, error=0]
Evaluation:  14%|█▍        | 4/29 [01:07<05:53, 14.14s/it, ✓=3, ✖=2, error=0]
Evaluation:  17%|█▋        | 5/29 [01:07<03:45,  9.40s/it, ✓=3, ✖=2, error=0]
Evaluation:  17%|█▋        | 5/29 [01:09<03:45,  9.40s/it, ✓=3, ✖=3, error=0]
Evaluation:  21%|██        | 6/29 [01:09<02:39,  6.94s/it, ✓=3, ✖=3, error=0]
Evaluation:  21%|██        | 6/29 [01:14<02:39,  6.94s/it, ✓=4, ✖=3, error=0]
Evaluation:  24%|██▍       | 7/29 [01:14<02:13,  6.07s/it, ✓=4, ✖=3, error=0]
Evaluation:  24%|██▍       | 7/29 [01:31<02:13,  6.07s/it, ✓=5, ✖=3, error=0]
Evaluation:  28%|██▊       | 8/29 [01:31<03:24,  9.75s/it, ✓=5, ✖=3, error=0]
Evaluation:  28%|██▊       | 8/29 [01:33<03:24,  9.75s/it, ✓=6, ✖=3, error=0]
Evaluation:  31%|███       | 9/29 [01:33<02:24,  7.23s/it, ✓=6, ✖=3, error=0]
Evaluation:  31%|███       | 9/29 [01:35<02:24,  7.23s/it, ✓=6, ✖=4, error=0]
Evaluation:  34%|███▍      | 10/29 [01:35<01:46,  5.60s/it, ✓=6, ✖=4, error=0]
Evaluation:  34%|███▍      | 10/29 [01:37<01:46,  5.60s/it, ✓=7, ✖=4, error=0]
Evaluation:  38%|███▊      | 11/29 [01:37<01:20,  4.50s/it, ✓=7, ✖=4, error=0]
Evaluation:  38%|███▊      | 11/29 [01:52<01:20,  4.50s/it, ✓=8, ✖=4, error=0]
Evaluation:  41%|████▏     | 12/29 [01:52<02:13,  7.83s/it, ✓=8, ✖=4, error=0]
Evaluation:  41%|████▏     | 12/29 [01:53<02:13,  7.83s/it, ✓=8, ✖=5, error=0]
Evaluation:  45%|████▍     | 13/29 [01:53<01:29,  5.58s/it, ✓=8, ✖=5, error=0]
Evaluation:  45%|████▍     | 13/29 [01:55<01:29,  5.58s/it, ✓=8, ✖=6, error=0]
Evaluation:  48%|████▊     | 14/29 [01:55<01:06,  4.42s/it, ✓=8, ✖=6, error=0]
Evaluation:  48%|████▊     | 14/29 [02:06<01:06,  4.42s/it, ✓=8, ✖=7, error=0]
Evaluation:  52%|█████▏    | 15/29 [02:06<01:32,  6.59s/it, ✓=8, ✖=7, error=0]
Evaluation:  52%|█████▏    | 15/29 [02:13<01:32,  6.59s/it, ✓=9, ✖=7, error=0]
Evaluation:  55%|█████▌    | 16/29 [02:13<01:26,  6.67s/it, ✓=9, ✖=7, error=0]
Evaluation:  55%|█████▌    | 16/29 [02:13<01:26,  6.67s/it, ✓=10, ✖=7, error=0]
Evaluation:  59%|█████▊    | 17/29 [02:13<00:56,  4.73s/it, ✓=10, ✖=7, error=0]
Evaluation:  59%|█████▊    | 17/29 [02:16<00:56,  4.73s/it, ✓=11, ✖=7, error=0]
Evaluation:  62%|██████▏   | 18/29 [02:16<00:43,  3.99s/it, ✓=11, ✖=7, error=0]
Evaluation:  62%|██████▏   | 18/29 [02:19<00:43,  3.99s/it, ✓=12, ✖=7, error=0]
Evaluation:  66%|██████▌   | 19/29 [02:19<00:37,  3.79s/it, ✓=12, ✖=7, error=0]
Evaluation:  66%|██████▌   | 19/29 [02:29<00:37,  3.79s/it, ✓=12, ✖=8, error=0]
Evaluation:  69%|██████▉   | 20/29 [02:29<00:51,  5.68s/it, ✓=12, ✖=8, error=0]
Evaluation:  69%|██████▉   | 20/29 [02:32<00:51,  5.68s/it, ✓=12, ✖=9, error=0]
Evaluation:  72%|███████▏  | 21/29 [02:32<00:38,  4.79s/it, ✓=12, ✖=9, error=0]
Evaluation:  72%|███████▏  | 21/29 [02:39<00:38,  4.79s/it, ✓=12, ✖=10, error=0]
Evaluation:  76%|███████▌  | 22/29 [02:39<00:37,  5.42s/it, ✓=12, ✖=10, error=0]
Evaluation:  76%|███████▌  | 22/29 [02:40<00:37,  5.42s/it, ✓=13, ✖=10, error=0]
Evaluation:  79%|███████▉  | 23/29 [02:40<00:25,  4.27s/it, ✓=13, ✖=10, error=0]
Evaluation:  79%|███████▉  | 23/29 [02:42<00:25,  4.27s/it, ✓=14, ✖=10, error=0]
Evaluation:  83%|████████▎ | 24/29 [02:42<00:18,  3.68s/it, ✓=14, ✖=10, error=0]
Evaluation:  83%|████████▎ | 24/29 [03:19<00:18,  3.68s/it, ✓=15, ✖=10, error=0]
Evaluation:  86%|████████▌ | 25/29 [03:19<00:53, 13.42s/it, ✓=15, ✖=10, error=0]
Evaluation:  86%|████████▌ | 25/29 [03:28<00:53, 13.42s/it, ✓=16, ✖=10, error=0]
Evaluation:  90%|████████▉ | 26/29 [03:28<00:36, 12.33s/it, ✓=16, ✖=10, error=0]
Evaluation:  90%|████████▉ | 26/29 [04:07<00:36, 12.33s/it, ✓=17, ✖=10, error=0]
Evaluation:  93%|█████████▎| 27/29 [04:07<00:40, 20.21s/it, ✓=17, ✖=10, error=0]
Evaluation:  93%|█████████▎| 27/29 [04:07<00:40, 20.21s/it, ✓=18, ✖=10, error=0]
Evaluation:  97%|█████████▋| 28/29 [04:07<00:14, 14.21s/it, ✓=18, ✖=10, error=0]
Evaluation:  97%|█████████▋| 28/29 [04:08<00:14, 14.21s/it, ✓=19, ✖=10, error=0]
Evaluation: 100%|██████████| 29/29 [04:08<00:00, 10.14s/it, ✓=19, ✖=10, error=0]
Evaluation: 100%|██████████| 29/29 [04:08<00:00,  8.56s/it, ✓=19, ✖=10, error=0]
