{
  "n_runs": 3,
  "mean_f1": 0.0,
  "std_f1": 0.0,
  "per_run": [
    {
      "tp": 0,
      "fp": 124,
      "fn": 97,
      "precision": 0.0,
      "recall": 0.0,
      "f1": 0.0
    },
    {
      "tp": 0,
      "fp": 127,
      "fn": 97,
      "precision": 0.0,
      "recall": 0.0,
      "f1": 0.0
    },
    {
      "tp": 0,
      "fp": 119,
      "fn": 97,
      "precision": 0.0,
      "recall": 0.0,
      "f1": 0.0
    }
  ],
  "protocol_ok": true,
  "note": "internal-only F1; not comparable to the Factory leaderboard"
}
